-- Logs begin at Sat 2019-07-13 23:23:33 CEST, end at Wed 2020-01-08 18:21:51 CET. --
Jan 05 17:29:44 inspiration-archibald kernel: microcode: microcode updated early to revision 0xca, date = 2019-10-03
Jan 05 17:29:44 inspiration-archibald kernel: Linux version 4.15.0-72-generic (buildd@lcy01-amd64-026) (gcc version 7.4.0 (Ubuntu 7.4.0-1ubuntu1~18.04.1)) #81-Ubuntu SMP Tue Nov 26 12:20:02 UTC 2019 (Ubuntu 4.15.0-72.81-generic 4.15.18)
Jan 05 17:29:44 inspiration-archibald kernel: Command line: BOOT_IMAGE=/boot/vmlinuz-4.15.0-72-generic root=/dev/mapper/elementary--vg-root ro quiet splash vt.handoff=1
Jan 05 17:29:44 inspiration-archibald kernel: KERNEL supported cpus:
Jan 05 17:29:44 inspiration-archibald kernel:   Intel GenuineIntel
Jan 05 17:29:44 inspiration-archibald kernel:   AMD AuthenticAMD
Jan 05 17:29:44 inspiration-archibald kernel:   Centaur CentaurHauls
Jan 05 17:29:44 inspiration-archibald kernel: x86/fpu: Supporting XSAVE feature 0x001: 'x87 floating point registers'
Jan 05 17:29:44 inspiration-archibald kernel: x86/fpu: Supporting XSAVE feature 0x002: 'SSE registers'
Jan 05 17:29:44 inspiration-archibald kernel: x86/fpu: Supporting XSAVE feature 0x004: 'AVX registers'
Jan 05 17:29:44 inspiration-archibald kernel: x86/fpu: Supporting XSAVE feature 0x008: 'MPX bounds registers'
Jan 05 17:29:44 inspiration-archibald kernel: x86/fpu: Supporting XSAVE feature 0x010: 'MPX CSR'
Jan 05 17:29:44 inspiration-archibald kernel: x86/fpu: xstate_offset[2]:  576, xstate_sizes[2]:  256
Jan 05 17:29:44 inspiration-archibald kernel: x86/fpu: xstate_offset[3]:  832, xstate_sizes[3]:   64
Jan 05 17:29:44 inspiration-archibald kernel: x86/fpu: xstate_offset[4]:  896, xstate_sizes[4]:   64
Jan 05 17:29:44 inspiration-archibald kernel: x86/fpu: Enabled xstate features 0x1f, context size is 960 bytes, using 'compacted' format.
Jan 05 17:29:44 inspiration-archibald kernel: e820: BIOS-provided physical RAM map:
Jan 05 17:29:44 inspiration-archibald kernel: BIOS-e820: [mem 0x0000000000000000-0x0000000000057fff] usable
Jan 05 17:29:44 inspiration-archibald kernel: BIOS-e820: [mem 0x0000000000058000-0x0000000000058fff] reserved
Jan 05 17:29:44 inspiration-archibald kernel: BIOS-e820: [mem 0x0000000000059000-0x000000000009dfff] usable
Jan 05 17:29:44 inspiration-archibald kernel: BIOS-e820: [mem 0x000000000009e000-0x00000000000fffff] reserved
Jan 05 17:29:44 inspiration-archibald kernel: BIOS-e820: [mem 0x0000000000100000-0x0000000060a38fff] usable
Jan 05 17:29:44 inspiration-archibald kernel: BIOS-e820: [mem 0x0000000060a39000-0x0000000060a39fff] ACPI NVS
Jan 05 17:29:44 inspiration-archibald kernel: BIOS-e820: [mem 0x0000000060a3a000-0x0000000060a3afff] reserved
Jan 05 17:29:44 inspiration-archibald kernel: BIOS-e820: [mem 0x0000000060a3b000-0x00000000628b1fff] usable
Jan 05 17:29:44 inspiration-archibald kernel: BIOS-e820: [mem 0x00000000628b2000-0x00000000631b1fff] reserved
Jan 05 17:29:44 inspiration-archibald kernel: BIOS-e820: [mem 0x00000000631b2000-0x00000000793c7fff] usable
Jan 05 17:29:44 inspiration-archibald kernel: BIOS-e820: [mem 0x00000000793c8000-0x00000000795c7fff] type 20
Jan 05 17:29:44 inspiration-archibald kernel: BIOS-e820: [mem 0x00000000795c8000-0x0000000079f57fff] reserved
Jan 05 17:29:44 inspiration-archibald kernel: BIOS-e820: [mem 0x0000000079f58000-0x000000007af57fff] ACPI NVS
Jan 05 17:29:44 inspiration-archibald kernel: BIOS-e820: [mem 0x000000007af58000-0x000000007affdfff] ACPI data
Jan 05 17:29:44 inspiration-archibald kernel: BIOS-e820: [mem 0x000000007affe000-0x000000007affefff] usable
Jan 05 17:29:44 inspiration-archibald kernel: BIOS-e820: [mem 0x000000007afff000-0x000000007fffffff] reserved
Jan 05 17:29:44 inspiration-archibald kernel: BIOS-e820: [mem 0x00000000e0000000-0x00000000efffffff] reserved
Jan 05 17:29:44 inspiration-archibald kernel: BIOS-e820: [mem 0x00000000fd000000-0x00000000fe7fffff] reserved
Jan 05 17:29:44 inspiration-archibald kernel: BIOS-e820: [mem 0x00000000fec00000-0x00000000fec00fff] reserved
Jan 05 17:29:44 inspiration-archibald kernel: BIOS-e820: [mem 0x00000000fed00000-0x00000000fed00fff] reserved
Jan 05 17:29:44 inspiration-archibald kernel: BIOS-e820: [mem 0x00000000fed10000-0x00000000fed19fff] reserved
Jan 05 17:29:44 inspiration-archibald kernel: BIOS-e820: [mem 0x00000000fed84000-0x00000000fed84fff] reserved
Jan 05 17:29:44 inspiration-archibald kernel: BIOS-e820: [mem 0x00000000fee00000-0x00000000fee00fff] reserved
Jan 05 17:29:44 inspiration-archibald kernel: BIOS-e820: [mem 0x00000000ffa00000-0x00000000ffffffff] reserved
Jan 05 17:29:44 inspiration-archibald kernel: BIOS-e820: [mem 0x0000000100000000-0x000000047effffff] usable
Jan 05 17:29:44 inspiration-archibald kernel: NX (Execute Disable) protection: active
Jan 05 17:29:44 inspiration-archibald kernel: efi: EFI v2.50 by INSYDE Corp.
Jan 05 17:29:44 inspiration-archibald kernel: efi:  ACPI 2.0=0x7affd014  SMBIOS=0x79764000  SMBIOS 3.0=0x79762000  ESRT=0x79760a58 
Jan 05 17:29:44 inspiration-archibald kernel: secureboot: Secure boot could not be determined (mode 0)
Jan 05 17:29:44 inspiration-archibald kernel: SMBIOS 3.0.0 present.
Jan 05 17:29:44 inspiration-archibald kernel: DMI: LENOVO 81CA/LNVNB161216, BIOS 4QCN49WW(V2.13) 01/10/2019
Jan 05 17:29:44 inspiration-archibald kernel: e820: update [mem 0x00000000-0x00000fff] usable ==> reserved
Jan 05 17:29:44 inspiration-archibald kernel: e820: remove [mem 0x000a0000-0x000fffff] usable
Jan 05 17:29:44 inspiration-archibald kernel: e820: last_pfn = 0x47f000 max_arch_pfn = 0x400000000
Jan 05 17:29:44 inspiration-archibald kernel: MTRR default type: write-back
Jan 05 17:29:44 inspiration-archibald kernel: MTRR fixed ranges enabled:
Jan 05 17:29:44 inspiration-archibald kernel:   00000-9FFFF write-back
Jan 05 17:29:44 inspiration-archibald kernel:   A0000-BFFFF uncachable
Jan 05 17:29:44 inspiration-archibald kernel:   C0000-FFFFF write-protect
Jan 05 17:29:44 inspiration-archibald kernel: MTRR variable ranges enabled:
Jan 05 17:29:44 inspiration-archibald kernel:   0 base 0080000000 mask 7F80000000 uncachable
Jan 05 17:29:44 inspiration-archibald kernel:   1 base 007C000000 mask 7FFC000000 uncachable
Jan 05 17:29:44 inspiration-archibald kernel:   2 base 007B800000 mask 7FFF800000 uncachable
Jan 05 17:29:44 inspiration-archibald kernel:   3 disabled
Jan 05 17:29:44 inspiration-archibald kernel:   4 disabled
Jan 05 17:29:44 inspiration-archibald kernel:   5 disabled
Jan 05 17:29:44 inspiration-archibald kernel:   6 disabled
Jan 05 17:29:44 inspiration-archibald kernel:   7 disabled
Jan 05 17:29:44 inspiration-archibald kernel:   8 disabled
Jan 05 17:29:44 inspiration-archibald kernel:   9 disabled
Jan 05 17:29:44 inspiration-archibald kernel: x86/PAT: Configuration [0-7]: WB  WC  UC- UC  WB  WP  UC- WT  
Jan 05 17:29:44 inspiration-archibald kernel: e820: last_pfn = 0x7afff max_arch_pfn = 0x400000000
Jan 05 17:29:44 inspiration-archibald kernel: esrt: Reserving ESRT space from 0x0000000079760a58 to 0x0000000079760ae0.
Jan 05 17:29:44 inspiration-archibald kernel: Scanning 1 areas for low memory corruption
Jan 05 17:29:44 inspiration-archibald kernel: Using GB pages for direct mapping
Jan 05 17:29:44 inspiration-archibald kernel: BRK [0x12253f000, 0x12253ffff] PGTABLE
Jan 05 17:29:44 inspiration-archibald kernel: BRK [0x122540000, 0x122540fff] PGTABLE
Jan 05 17:29:44 inspiration-archibald kernel: BRK [0x122541000, 0x122541fff] PGTABLE
Jan 05 17:29:44 inspiration-archibald kernel: BRK [0x122542000, 0x122542fff] PGTABLE
Jan 05 17:29:44 inspiration-archibald kernel: BRK [0x122543000, 0x122543fff] PGTABLE
Jan 05 17:29:44 inspiration-archibald kernel: BRK [0x122544000, 0x122544fff] PGTABLE
Jan 05 17:29:44 inspiration-archibald kernel: BRK [0x122545000, 0x122545fff] PGTABLE
Jan 05 17:29:44 inspiration-archibald kernel: BRK [0x122546000, 0x122546fff] PGTABLE
Jan 05 17:29:44 inspiration-archibald kernel: BRK [0x122547000, 0x122547fff] PGTABLE
Jan 05 17:29:44 inspiration-archibald kernel: BRK [0x122548000, 0x122548fff] PGTABLE
Jan 05 17:29:44 inspiration-archibald kernel: BRK [0x122549000, 0x122549fff] PGTABLE
Jan 05 17:29:44 inspiration-archibald kernel: RAMDISK: [mem 0x30ee1000-0x34767fff]
Jan 05 17:29:44 inspiration-archibald kernel: ACPI: Early table checksum verification disabled
Jan 05 17:29:44 inspiration-archibald kernel: ACPI: RSDP 0x000000007AFFD014 000024 (v02 LENOVO)
Jan 05 17:29:44 inspiration-archibald kernel: ACPI: XSDT 0x000000007AFCA188 00011C (v01 LENOVO CB-01    00000001      01000013)
Jan 05 17:29:44 inspiration-archibald kernel: ACPI: FACP 0x000000007AFEE000 00010C (v05 LENOVO CB-01    00000001 ACPI 00040000)
Jan 05 17:29:44 inspiration-archibald kernel: ACPI: DSDT 0x000000007AFD0000 01AAD9 (v02 LENOVO CB-01    00000001 ACPI 00040000)
Jan 05 17:29:44 inspiration-archibald kernel: ACPI: FACS 0x000000007AF31000 000040
Jan 05 17:29:44 inspiration-archibald kernel: ACPI: UEFI 0x000000007AFFC000 000236 (v01 LENOVO CB-01    00000001 ACPI 00040000)
Jan 05 17:29:44 inspiration-archibald kernel: ACPI: UEFI 0x000000007AFFB000 000042 (v01 LENOVO CB-01    00000001 ACPI 00040000)
Jan 05 17:29:44 inspiration-archibald kernel: ACPI: MSDM 0x000000007AFFA000 000055 (v03 LENOVO CB-01    00000001 ACPI 00040000)
Jan 05 17:29:44 inspiration-archibald kernel: ACPI: SSDT 0x000000007AFF9000 0004C3 (v02 LENOVO CB-01    00000001 ACPI 00040000)
Jan 05 17:29:44 inspiration-archibald kernel: ACPI: SSDT 0x000000007AFF8000 000046 (v02 LENOVO CB-01    00000001 ACPI 00040000)
Jan 05 17:29:44 inspiration-archibald kernel: ACPI: TPM2 0x000000007AFF7000 000034 (v03 LENOVO CB-01    00000001 ACPI 00040000)
Jan 05 17:29:44 inspiration-archibald kernel: ACPI: SSDT 0x000000007AFF3000 003110 (v02 LENOVO CB-01    00000001 ACPI 00040000)
Jan 05 17:29:44 inspiration-archibald kernel: ACPI: ASF! 0x000000007AFF2000 0000A5 (v32 LENOVO CB-01    00000001 ACPI 00040000)
Jan 05 17:29:44 inspiration-archibald kernel: ACPI: ASPT 0x000000007AFF1000 000034 (v07 LENOVO CB-01    00000001 ACPI 00040000)
Jan 05 17:29:44 inspiration-archibald kernel: ACPI: BOOT 0x000000007AFF0000 000028 (v01 LENOVO CB-01    00000001 ACPI 00040000)
Jan 05 17:29:44 inspiration-archibald kernel: ACPI: DBGP 0x000000007AFEF000 000034 (v01 LENOVO CB-01    00000001 ACPI 00040000)
Jan 05 17:29:44 inspiration-archibald kernel: ACPI: HPET 0x000000007AFED000 000038 (v01 LENOVO CB-01    00000001 ACPI 00040000)
Jan 05 17:29:44 inspiration-archibald kernel: ACPI: APIC 0x000000007AFEC000 00012C (v03 LENOVO CB-01    00000001 ACPI 00040000)
Jan 05 17:29:44 inspiration-archibald kernel: ACPI: MCFG 0x000000007AFEB000 00003C (v01 LENOVO CB-01    00000001 ACPI 00040000)
Jan 05 17:29:44 inspiration-archibald kernel: ACPI: SSDT 0x000000007AFCF000 000517 (v02 LENOVO CB-01    00000001 ACPI 00040000)
Jan 05 17:29:44 inspiration-archibald kernel: ACPI: SSDT 0x000000007AFCE000 000E8F (v02 LENOVO CB-01    00000001 ACPI 00040000)
Jan 05 17:29:44 inspiration-archibald kernel: ACPI: LPIT 0x000000007AFCD000 000094 (v01 LENOVO CB-01    00000001 ACPI 00040000)
Jan 05 17:29:44 inspiration-archibald kernel: ACPI: WSMT 0x000000007AFCC000 000028 (v01 LENOVO CB-01    00000001 ACPI 00040000)
Jan 05 17:29:44 inspiration-archibald kernel: ACPI: SSDT 0x000000007AFCB000 00029F (v02 LENOVO CB-01    00000001 ACPI 00040000)
Jan 05 17:29:44 inspiration-archibald kernel: ACPI: SSDT 0x000000007AFC9000 000346 (v01 LENOVO CB-01    00000001 ACPI 00040000)
Jan 05 17:29:44 inspiration-archibald kernel: ACPI: SSDT 0x000000007AFC5000 003002 (v02 LENOVO CB-01    00000001 ACPI 00040000)
Jan 05 17:29:44 inspiration-archibald kernel: ACPI: SSDT 0x000000007AFC4000 00051E (v02 LENOVO CB-01    00000001 ACPI 00040000)
Jan 05 17:29:44 inspiration-archibald kernel: ACPI: DBGP 0x000000007AFC3000 000034 (v01 LENOVO CB-01    00000001 ACPI 00040000)
Jan 05 17:29:44 inspiration-archibald kernel: ACPI: DBG2 0x000000007AFC2000 000061 (v00 LENOVO CB-01    00000001 ACPI 00040000)
Jan 05 17:29:44 inspiration-archibald kernel: ACPI: SSDT 0x000000007AFC0000 0012E6 (v02 LENOVO CB-01    00000001 ACPI 00040000)
Jan 05 17:29:44 inspiration-archibald kernel: ACPI: SSDT 0x000000007AFBE000 0017AE (v02 LENOVO CB-01    00000001 ACPI 00040000)
Jan 05 17:29:44 inspiration-archibald kernel: ACPI: SSDT 0x000000007AFBA000 003B1B (v01 LENOVO CB-01    00000001 ACPI 00040000)
Jan 05 17:29:44 inspiration-archibald kernel: ACPI: DMAR 0x000000007AFB9000 000114 (v01 LENOVO CB-01    00000001 ACPI 00040000)
Jan 05 17:29:44 inspiration-archibald kernel: ACPI: FPDT 0x000000007AFB8000 000044 (v01 LENOVO CB-01    00000001 ACPI 00040000)
Jan 05 17:29:44 inspiration-archibald kernel: ACPI: BGRT 0x000000007AFB7000 000038 (v01 LENOVO CB-01    00000001 ACPI 00040000)
Jan 05 17:29:44 inspiration-archibald kernel: ACPI: Local APIC address 0xfee00000
Jan 05 17:29:44 inspiration-archibald kernel: No NUMA configuration found
Jan 05 17:29:44 inspiration-archibald kernel: Faking a node at [mem 0x0000000000000000-0x000000047effffff]
Jan 05 17:29:44 inspiration-archibald kernel: NODE_DATA(0) allocated [mem 0x47efd5000-0x47effffff]
Jan 05 17:29:44 inspiration-archibald kernel: Zone ranges:
Jan 05 17:29:44 inspiration-archibald kernel:   DMA      [mem 0x0000000000001000-0x0000000000ffffff]
Jan 05 17:29:44 inspiration-archibald kernel:   DMA32    [mem 0x0000000001000000-0x00000000ffffffff]
Jan 05 17:29:44 inspiration-archibald kernel:   Normal   [mem 0x0000000100000000-0x000000047effffff]
Jan 05 17:29:44 inspiration-archibald kernel:   Device   empty
Jan 05 17:29:44 inspiration-archibald kernel: Movable zone start for each node
Jan 05 17:29:44 inspiration-archibald kernel: Early memory node ranges
Jan 05 17:29:44 inspiration-archibald kernel:   node   0: [mem 0x0000000000001000-0x0000000000057fff]
Jan 05 17:29:44 inspiration-archibald kernel:   node   0: [mem 0x0000000000059000-0x000000000009dfff]
Jan 05 17:29:44 inspiration-archibald kernel:   node   0: [mem 0x0000000000100000-0x0000000060a38fff]
Jan 05 17:29:44 inspiration-archibald kernel:   node   0: [mem 0x0000000060a3b000-0x00000000628b1fff]
Jan 05 17:29:44 inspiration-archibald kernel:   node   0: [mem 0x00000000631b2000-0x00000000793c7fff]
Jan 05 17:29:44 inspiration-archibald kernel:   node   0: [mem 0x000000007affe000-0x000000007affefff]
Jan 05 17:29:44 inspiration-archibald kernel:   node   0: [mem 0x0000000100000000-0x000000047effffff]
Jan 05 17:29:44 inspiration-archibald kernel: Reserved but unavailable: 98 pages
Jan 05 17:29:44 inspiration-archibald kernel: Initmem setup node 0 [mem 0x0000000000001000-0x000000047effffff]
Jan 05 17:29:44 inspiration-archibald kernel: On node 0 totalpages: 4160099
Jan 05 17:29:44 inspiration-archibald kernel:   DMA zone: 64 pages used for memmap
Jan 05 17:29:44 inspiration-archibald kernel:   DMA zone: 22 pages reserved
Jan 05 17:29:44 inspiration-archibald kernel:   DMA zone: 3996 pages, LIFO batch:0
Jan 05 17:29:44 inspiration-archibald kernel:   DMA32 zone: 7660 pages used for memmap
Jan 05 17:29:44 inspiration-archibald kernel:   DMA32 zone: 490183 pages, LIFO batch:31
Jan 05 17:29:44 inspiration-archibald kernel:   Normal zone: 57280 pages used for memmap
Jan 05 17:29:44 inspiration-archibald kernel:   Normal zone: 3665920 pages, LIFO batch:31
Jan 05 17:29:44 inspiration-archibald kernel: Reserving Intel graphics memory at 0x000000007c000000-0x000000007fffffff
Jan 05 17:29:44 inspiration-archibald kernel: ACPI: PM-Timer IO Port: 0x1808
Jan 05 17:29:44 inspiration-archibald kernel: ACPI: Local APIC address 0xfee00000
Jan 05 17:29:44 inspiration-archibald kernel: ACPI: LAPIC_NMI (acpi_id[0x01] high edge lint[0x1])
Jan 05 17:29:44 inspiration-archibald kernel: ACPI: LAPIC_NMI (acpi_id[0x02] high edge lint[0x1])
Jan 05 17:29:44 inspiration-archibald kernel: ACPI: LAPIC_NMI (acpi_id[0x03] high edge lint[0x1])
Jan 05 17:29:44 inspiration-archibald kernel: ACPI: LAPIC_NMI (acpi_id[0x04] high edge lint[0x1])
Jan 05 17:29:44 inspiration-archibald kernel: ACPI: LAPIC_NMI (acpi_id[0x05] high edge lint[0x1])
Jan 05 17:29:44 inspiration-archibald kernel: ACPI: LAPIC_NMI (acpi_id[0x06] high edge lint[0x1])
Jan 05 17:29:44 inspiration-archibald kernel: ACPI: LAPIC_NMI (acpi_id[0x07] high edge lint[0x1])
Jan 05 17:29:44 inspiration-archibald kernel: ACPI: LAPIC_NMI (acpi_id[0x08] high edge lint[0x1])
Jan 05 17:29:44 inspiration-archibald kernel: ACPI: LAPIC_NMI (acpi_id[0x09] high edge lint[0x1])
Jan 05 17:29:44 inspiration-archibald kernel: ACPI: LAPIC_NMI (acpi_id[0x0a] high edge lint[0x1])
Jan 05 17:29:44 inspiration-archibald kernel: ACPI: LAPIC_NMI (acpi_id[0x0b] high edge lint[0x1])
Jan 05 17:29:44 inspiration-archibald kernel: ACPI: LAPIC_NMI (acpi_id[0x0c] high edge lint[0x1])
Jan 05 17:29:44 inspiration-archibald kernel: ACPI: LAPIC_NMI (acpi_id[0x0d] high edge lint[0x1])
Jan 05 17:29:44 inspiration-archibald kernel: ACPI: LAPIC_NMI (acpi_id[0x0e] high edge lint[0x1])
Jan 05 17:29:44 inspiration-archibald kernel: ACPI: LAPIC_NMI (acpi_id[0x0f] high edge lint[0x1])
Jan 05 17:29:44 inspiration-archibald kernel: ACPI: LAPIC_NMI (acpi_id[0x10] high edge lint[0x1])
Jan 05 17:29:44 inspiration-archibald kernel: IOAPIC[0]: apic_id 2, version 32, address 0xfec00000, GSI 0-119
Jan 05 17:29:44 inspiration-archibald kernel: ACPI: INT_SRC_OVR (bus 0 bus_irq 0 global_irq 2 dfl dfl)
Jan 05 17:29:44 inspiration-archibald kernel: ACPI: INT_SRC_OVR (bus 0 bus_irq 9 global_irq 9 high level)
Jan 05 17:29:44 inspiration-archibald kernel: ACPI: IRQ0 used by override.
Jan 05 17:29:44 inspiration-archibald kernel: ACPI: IRQ9 used by override.
Jan 05 17:29:44 inspiration-archibald kernel: Using ACPI (MADT) for SMP configuration information
Jan 05 17:29:44 inspiration-archibald kernel: ACPI: HPET id: 0x8086a201 base: 0xfed00000
Jan 05 17:29:44 inspiration-archibald kernel: smpboot: Allowing 8 CPUs, 0 hotplug CPUs
Jan 05 17:29:44 inspiration-archibald kernel: PM: Registered nosave memory: [mem 0x00000000-0x00000fff]
Jan 05 17:29:44 inspiration-archibald kernel: PM: Registered nosave memory: [mem 0x00058000-0x00058fff]
Jan 05 17:29:44 inspiration-archibald kernel: PM: Registered nosave memory: [mem 0x0009e000-0x000fffff]
Jan 05 17:29:44 inspiration-archibald kernel: PM: Registered nosave memory: [mem 0x60a39000-0x60a39fff]
Jan 05 17:29:44 inspiration-archibald kernel: PM: Registered nosave memory: [mem 0x60a3a000-0x60a3afff]
Jan 05 17:29:44 inspiration-archibald kernel: PM: Registered nosave memory: [mem 0x628b2000-0x631b1fff]
Jan 05 17:29:44 inspiration-archibald kernel: PM: Registered nosave memory: [mem 0x793c8000-0x795c7fff]
Jan 05 17:29:44 inspiration-archibald kernel: PM: Registered nosave memory: [mem 0x795c8000-0x79f57fff]
Jan 05 17:29:44 inspiration-archibald kernel: PM: Registered nosave memory: [mem 0x79f58000-0x7af57fff]
Jan 05 17:29:44 inspiration-archibald kernel: PM: Registered nosave memory: [mem 0x7af58000-0x7affdfff]
Jan 05 17:29:44 inspiration-archibald kernel: PM: Registered nosave memory: [mem 0x7afff000-0x7fffffff]
Jan 05 17:29:44 inspiration-archibald kernel: PM: Registered nosave memory: [mem 0x80000000-0xdfffffff]
Jan 05 17:29:44 inspiration-archibald kernel: PM: Registered nosave memory: [mem 0xe0000000-0xefffffff]
Jan 05 17:29:44 inspiration-archibald kernel: PM: Registered nosave memory: [mem 0xf0000000-0xfcffffff]
Jan 05 17:29:44 inspiration-archibald kernel: PM: Registered nosave memory: [mem 0xfd000000-0xfe7fffff]
Jan 05 17:29:44 inspiration-archibald kernel: PM: Registered nosave memory: [mem 0xfe800000-0xfebfffff]
Jan 05 17:29:44 inspiration-archibald kernel: PM: Registered nosave memory: [mem 0xfec00000-0xfec00fff]
Jan 05 17:29:44 inspiration-archibald kernel: PM: Registered nosave memory: [mem 0xfec01000-0xfecfffff]
Jan 05 17:29:44 inspiration-archibald kernel: PM: Registered nosave memory: [mem 0xfed00000-0xfed00fff]
Jan 05 17:29:44 inspiration-archibald kernel: PM: Registered nosave memory: [mem 0xfed01000-0xfed0ffff]
Jan 05 17:29:44 inspiration-archibald kernel: PM: Registered nosave memory: [mem 0xfed10000-0xfed19fff]
Jan 05 17:29:44 inspiration-archibald kernel: PM: Registered nosave memory: [mem 0xfed1a000-0xfed83fff]
Jan 05 17:29:44 inspiration-archibald kernel: PM: Registered nosave memory: [mem 0xfed84000-0xfed84fff]
Jan 05 17:29:44 inspiration-archibald kernel: PM: Registered nosave memory: [mem 0xfed85000-0xfedfffff]
Jan 05 17:29:44 inspiration-archibald kernel: PM: Registered nosave memory: [mem 0xfee00000-0xfee00fff]
Jan 05 17:29:44 inspiration-archibald kernel: PM: Registered nosave memory: [mem 0xfee01000-0xff9fffff]
Jan 05 17:29:44 inspiration-archibald kernel: PM: Registered nosave memory: [mem 0xffa00000-0xffffffff]
Jan 05 17:29:44 inspiration-archibald kernel: e820: [mem 0x80000000-0xdfffffff] available for PCI devices
Jan 05 17:29:44 inspiration-archibald kernel: Booting paravirtualized kernel on bare hardware
Jan 05 17:29:44 inspiration-archibald kernel: clocksource: refined-jiffies: mask: 0xffffffff max_cycles: 0xffffffff, max_idle_ns: 7645519600211568 ns
Jan 05 17:29:44 inspiration-archibald kernel: random: get_random_bytes called from start_kernel+0x99/0x4fd with crng_init=0
Jan 05 17:29:44 inspiration-archibald kernel: setup_percpu: NR_CPUS:8192 nr_cpumask_bits:8 nr_cpu_ids:8 nr_node_ids:1
Jan 05 17:29:44 inspiration-archibald kernel: percpu: Embedded 45 pages/cpu s147456 r8192 d28672 u262144
Jan 05 17:29:44 inspiration-archibald kernel: pcpu-alloc: s147456 r8192 d28672 u262144 alloc=1*2097152
Jan 05 17:29:44 inspiration-archibald kernel: pcpu-alloc: [0] 0 1 2 3 4 5 6 7 
Jan 05 17:29:44 inspiration-archibald kernel: Built 1 zonelists, mobility grouping on.  Total pages: 4095073
Jan 05 17:29:44 inspiration-archibald kernel: Policy zone: Normal
Jan 05 17:29:44 inspiration-archibald kernel: Kernel command line: BOOT_IMAGE=/boot/vmlinuz-4.15.0-72-generic root=/dev/mapper/elementary--vg-root ro quiet splash vt.handoff=1
Jan 05 17:29:44 inspiration-archibald kernel: Calgary: detecting Calgary via BIOS EBDA area
Jan 05 17:29:44 inspiration-archibald kernel: Calgary: Unable to locate Rio Grande table in EBDA - bailing!
Jan 05 17:29:44 inspiration-archibald kernel: Memory: 16159184K/16640396K available (12300K kernel code, 2481K rwdata, 4264K rodata, 2428K init, 2388K bss, 481212K reserved, 0K cma-reserved)
Jan 05 17:29:44 inspiration-archibald kernel: SLUB: HWalign=64, Order=0-3, MinObjects=0, CPUs=8, Nodes=1
Jan 05 17:29:44 inspiration-archibald kernel: Kernel/User page tables isolation: enabled
Jan 05 17:29:44 inspiration-archibald kernel: ftrace: allocating 39318 entries in 154 pages
Jan 05 17:29:44 inspiration-archibald kernel: Hierarchical RCU implementation.
Jan 05 17:29:44 inspiration-archibald kernel:         RCU restricting CPUs from NR_CPUS=8192 to nr_cpu_ids=8.
Jan 05 17:29:44 inspiration-archibald kernel:         Tasks RCU enabled.
Jan 05 17:29:44 inspiration-archibald kernel: RCU: Adjusting geometry for rcu_fanout_leaf=16, nr_cpu_ids=8
Jan 05 17:29:44 inspiration-archibald kernel: NR_IRQS: 524544, nr_irqs: 2048, preallocated irqs: 16
Jan 05 17:29:44 inspiration-archibald kernel: vt handoff: transparent VT on vt#1
Jan 05 17:29:44 inspiration-archibald kernel: Console: colour dummy device 80x25
Jan 05 17:29:44 inspiration-archibald kernel: console [tty0] enabled
Jan 05 17:29:44 inspiration-archibald kernel: ACPI: Core revision 20170831
Jan 05 17:29:44 inspiration-archibald kernel: ACPI: 13 ACPI AML tables successfully acquired and loaded
Jan 05 17:29:44 inspiration-archibald kernel: clocksource: hpet: mask: 0xffffffff max_cycles: 0xffffffff, max_idle_ns: 79635855245 ns
Jan 05 17:29:44 inspiration-archibald kernel: hpet clockevent registered
Jan 05 17:29:44 inspiration-archibald kernel: APIC: Switch to symmetric I/O mode setup
Jan 05 17:29:44 inspiration-archibald kernel: DMAR: Host address width 39
Jan 05 17:29:44 inspiration-archibald kernel: DMAR: DRHD base: 0x000000fed90000 flags: 0x0
Jan 05 17:29:44 inspiration-archibald kernel: DMAR: dmar0: reg_base_addr fed90000 ver 1:0 cap 1c0000c40660462 ecap 19e2ff0505e
Jan 05 17:29:44 inspiration-archibald kernel: DMAR: DRHD base: 0x000000fed91000 flags: 0x1
Jan 05 17:29:44 inspiration-archibald kernel: DMAR: dmar1: reg_base_addr fed91000 ver 1:0 cap d2008c40660462 ecap f050da
Jan 05 17:29:44 inspiration-archibald kernel: DMAR: RMRR base: 0x00000079e2f000 end: 0x00000079e4efff
Jan 05 17:29:44 inspiration-archibald kernel: DMAR: RMRR base: 0x0000007b800000 end: 0x0000007fffffff
Jan 05 17:29:44 inspiration-archibald kernel: DMAR: ANDD device: 1 name: \_SB.PCI0.I2C0
Jan 05 17:29:44 inspiration-archibald kernel: DMAR: ANDD device: 2 name: \_SB.PCI0.I2C1
Jan 05 17:29:44 inspiration-archibald kernel: DMAR: ANDD device: 3 name: \_SB.PCI0.I2C2
Jan 05 17:29:44 inspiration-archibald kernel: DMAR-IR: IOAPIC id 2 under DRHD base  0xfed91000 IOMMU 1
Jan 05 17:29:44 inspiration-archibald kernel: DMAR-IR: HPET id 0 under DRHD base 0xfed91000
Jan 05 17:29:44 inspiration-archibald kernel: DMAR-IR: Queued invalidation will be enabled to support x2apic and Intr-remapping.
Jan 05 17:29:44 inspiration-archibald kernel: DMAR-IR: Enabled IRQ remapping in x2apic mode
Jan 05 17:29:44 inspiration-archibald kernel: x2apic enabled
Jan 05 17:29:44 inspiration-archibald kernel: Switched APIC routing to cluster x2apic.
Jan 05 17:29:44 inspiration-archibald kernel: ..TIMER: vector=0x30 apic1=0 pin1=2 apic2=-1 pin2=-1
Jan 05 17:29:44 inspiration-archibald kernel: tsc: Detected 2000.000 MHz processor
Jan 05 17:29:44 inspiration-archibald kernel: tsc: Detected 1992.000 MHz TSC
Jan 05 17:29:44 inspiration-archibald kernel: Calibrating delay loop (skipped), value calculated using timer frequency.. 3984.00 BogoMIPS (lpj=7968000)
Jan 05 17:29:44 inspiration-archibald kernel: pid_max: default: 32768 minimum: 301
Jan 05 17:29:44 inspiration-archibald kernel: Security Framework initialized
Jan 05 17:29:44 inspiration-archibald kernel: Yama: becoming mindful.
Jan 05 17:29:44 inspiration-archibald kernel: AppArmor: AppArmor initialized
Jan 05 17:29:44 inspiration-archibald kernel: Dentry cache hash table entries: 2097152 (order: 12, 16777216 bytes)
Jan 05 17:29:44 inspiration-archibald kernel: Inode-cache hash table entries: 1048576 (order: 11, 8388608 bytes)
Jan 05 17:29:44 inspiration-archibald kernel: Mount-cache hash table entries: 32768 (order: 6, 262144 bytes)
Jan 05 17:29:44 inspiration-archibald kernel: Mountpoint-cache hash table entries: 32768 (order: 6, 262144 bytes)
Jan 05 17:29:44 inspiration-archibald kernel: ENERGY_PERF_BIAS: Set to 'normal', was 'performance'
Jan 05 17:29:44 inspiration-archibald kernel: ENERGY_PERF_BIAS: View and update with x86_energy_perf_policy(8)
Jan 05 17:29:44 inspiration-archibald kernel: CPU0: Thermal monitoring enabled (TM1)
Jan 05 17:29:44 inspiration-archibald kernel: process: using mwait in idle threads
Jan 05 17:29:44 inspiration-archibald kernel: Last level iTLB entries: 4KB 64, 2MB 8, 4MB 8
Jan 05 17:29:44 inspiration-archibald kernel: Last level dTLB entries: 4KB 64, 2MB 0, 4MB 0, 1GB 4
Jan 05 17:29:44 inspiration-archibald kernel: Spectre V1 : Mitigation: usercopy/swapgs barriers and __user pointer sanitization
Jan 05 17:29:44 inspiration-archibald kernel: Spectre V2 : Mitigation: Full generic retpoline
Jan 05 17:29:44 inspiration-archibald kernel: Spectre V2 : Spectre v2 / SpectreRSB mitigation: Filling RSB on context switch
Jan 05 17:29:44 inspiration-archibald kernel: Spectre V2 : Enabling Restricted Speculation for firmware calls
Jan 05 17:29:44 inspiration-archibald kernel: Spectre V2 : mitigation: Enabling conditional Indirect Branch Prediction Barrier
Jan 05 17:29:44 inspiration-archibald kernel: Spectre V2 : User space: Mitigation: STIBP via seccomp and prctl
Jan 05 17:29:44 inspiration-archibald kernel: Speculative Store Bypass: Mitigation: Speculative Store Bypass disabled via prctl and seccomp
Jan 05 17:29:44 inspiration-archibald kernel: MDS: Mitigation: Clear CPU buffers
Jan 05 17:29:44 inspiration-archibald kernel: Freeing SMP alternatives memory: 36K
Jan 05 17:29:44 inspiration-archibald kernel: TSC deadline timer enabled
Jan 05 17:29:44 inspiration-archibald kernel: smpboot: CPU0: Intel(R) Core(TM) i7-8550U CPU @ 1.80GHz (family: 0x6, model: 0x8e, stepping: 0xa)
Jan 05 17:29:44 inspiration-archibald kernel: Performance Events: PEBS fmt3+, Skylake events, 32-deep LBR, full-width counters, Intel PMU driver.
Jan 05 17:29:44 inspiration-archibald kernel: ... version:                4
Jan 05 17:29:44 inspiration-archibald kernel: ... bit width:              48
Jan 05 17:29:44 inspiration-archibald kernel: ... generic registers:      4
Jan 05 17:29:44 inspiration-archibald kernel: ... value mask:             0000ffffffffffff
Jan 05 17:29:44 inspiration-archibald kernel: ... max period:             00007fffffffffff
Jan 05 17:29:44 inspiration-archibald kernel: ... fixed-purpose events:   3
Jan 05 17:29:44 inspiration-archibald kernel: ... event mask:             000000070000000f
Jan 05 17:29:44 inspiration-archibald kernel: Hierarchical SRCU implementation.
Jan 05 17:29:44 inspiration-archibald kernel: NMI watchdog: Enabled. Permanently consumes one hw-PMU counter.
Jan 05 17:29:44 inspiration-archibald kernel: smp: Bringing up secondary CPUs ...
Jan 05 17:29:44 inspiration-archibald kernel: x86: Booting SMP configuration:
Jan 05 17:29:44 inspiration-archibald kernel: .... node  #0, CPUs:      #1 #2 #3 #4
Jan 05 17:29:44 inspiration-archibald kernel: MDS CPU bug present and SMT on, data leak possible. See https://www.kernel.org/doc/html/latest/admin-guide/hw-vuln/mds.html for more details.
Jan 05 17:29:44 inspiration-archibald kernel:  #5 #6 #7
Jan 05 17:29:44 inspiration-archibald kernel: smp: Brought up 1 node, 8 CPUs
Jan 05 17:29:44 inspiration-archibald kernel: smpboot: Max logical packages: 1
Jan 05 17:29:44 inspiration-archibald kernel: smpboot: Total of 8 processors activated (31872.00 BogoMIPS)
Jan 05 17:29:44 inspiration-archibald kernel: devtmpfs: initialized
Jan 05 17:29:44 inspiration-archibald kernel: x86/mm: Memory block size: 128MB
Jan 05 17:29:44 inspiration-archibald kernel: evm: security.selinux
Jan 05 17:29:44 inspiration-archibald kernel: evm: security.SMACK64
Jan 05 17:29:44 inspiration-archibald kernel: evm: security.SMACK64EXEC
Jan 05 17:29:44 inspiration-archibald kernel: evm: security.SMACK64TRANSMUTE
Jan 05 17:29:44 inspiration-archibald kernel: evm: security.SMACK64MMAP
Jan 05 17:29:44 inspiration-archibald kernel: evm: security.apparmor
Jan 05 17:29:44 inspiration-archibald kernel: evm: security.ima
Jan 05 17:29:44 inspiration-archibald kernel: evm: security.capability
Jan 05 17:29:44 inspiration-archibald kernel: PM: Registering ACPI NVS region [mem 0x60a39000-0x60a39fff] (4096 bytes)
Jan 05 17:29:44 inspiration-archibald kernel: PM: Registering ACPI NVS region [mem 0x79f58000-0x7af57fff] (16777216 bytes)
Jan 05 17:29:44 inspiration-archibald kernel: clocksource: jiffies: mask: 0xffffffff max_cycles: 0xffffffff, max_idle_ns: 7645041785100000 ns
Jan 05 17:29:44 inspiration-archibald kernel: futex hash table entries: 2048 (order: 5, 131072 bytes)
Jan 05 17:29:44 inspiration-archibald kernel: pinctrl core: initialized pinctrl subsystem
Jan 05 17:29:44 inspiration-archibald kernel: RTC time: 16:29:09, date: 01/05/20
Jan 05 17:29:44 inspiration-archibald kernel: NET: Registered protocol family 16
Jan 05 17:29:44 inspiration-archibald kernel: audit: initializing netlink subsys (disabled)
Jan 05 17:29:44 inspiration-archibald kernel: audit: type=2000 audit(1578241749.052:1): state=initialized audit_enabled=0 res=1
Jan 05 17:29:44 inspiration-archibald kernel: cpuidle: using governor ladder
Jan 05 17:29:44 inspiration-archibald kernel: cpuidle: using governor menu
Jan 05 17:29:44 inspiration-archibald kernel: Simple Boot Flag at 0x44 set to 0x1
Jan 05 17:29:44 inspiration-archibald kernel: ACPI FADT declares the system doesn't support PCIe ASPM, so disable it
Jan 05 17:29:44 inspiration-archibald kernel: ACPI: bus type PCI registered
Jan 05 17:29:44 inspiration-archibald kernel: acpiphp: ACPI Hot Plug PCI Controller Driver version: 0.5
Jan 05 17:29:44 inspiration-archibald kernel: PCI: MMCONFIG for domain 0000 [bus 00-ff] at [mem 0xe0000000-0xefffffff] (base 0xe0000000)
Jan 05 17:29:44 inspiration-archibald kernel: PCI: MMCONFIG at [mem 0xe0000000-0xefffffff] reserved in E820
Jan 05 17:29:44 inspiration-archibald kernel: PCI: Using configuration type 1 for base access
Jan 05 17:29:44 inspiration-archibald kernel: HugeTLB registered 1.00 GiB page size, pre-allocated 0 pages
Jan 05 17:29:44 inspiration-archibald kernel: HugeTLB registered 2.00 MiB page size, pre-allocated 0 pages
Jan 05 17:29:44 inspiration-archibald kernel: ACPI: Added _OSI(Module Device)
Jan 05 17:29:44 inspiration-archibald kernel: ACPI: Added _OSI(Processor Device)
Jan 05 17:29:44 inspiration-archibald kernel: ACPI: Added _OSI(3.0 _SCP Extensions)
Jan 05 17:29:44 inspiration-archibald kernel: ACPI: Added _OSI(Processor Aggregator Device)
Jan 05 17:29:44 inspiration-archibald kernel: ACPI: Added _OSI(Linux-Dell-Video)
Jan 05 17:29:44 inspiration-archibald kernel: ACPI: Added _OSI(Linux-Lenovo-NV-HDMI-Audio)
Jan 05 17:29:44 inspiration-archibald kernel: ACPI: Added _OSI(Linux-HPI-Hybrid-Graphics)
Jan 05 17:29:44 inspiration-archibald kernel: ACPI: Executed 33 blocks of module-level executable AML code
Jan 05 17:29:44 inspiration-archibald kernel: ACPI: [Firmware Bug]: BIOS _OSI(Linux) query ignored
Jan 05 17:29:44 inspiration-archibald kernel: ACPI: Dynamic OEM Table Load:
Jan 05 17:29:44 inspiration-archibald kernel: ACPI: SSDT 0xFFFF93776C3A9800 0005CD (v02 PmRef  Cpu0Ist  00003000 INTL 20160527)
Jan 05 17:29:44 inspiration-archibald kernel: ACPI: Executed 1 blocks of module-level executable AML code
Jan 05 17:29:44 inspiration-archibald kernel: ACPI: \_PR_.PR00: _OSC native thermal LVT Acked
Jan 05 17:29:44 inspiration-archibald kernel: ACPI: Dynamic OEM Table Load:
Jan 05 17:29:44 inspiration-archibald kernel: ACPI: SSDT 0xFFFF93776BFA5800 0003FF (v02 PmRef  Cpu0Cst  00003001 INTL 20160527)
Jan 05 17:29:44 inspiration-archibald kernel: ACPI: Executed 1 blocks of module-level executable AML code
Jan 05 17:29:44 inspiration-archibald kernel: ACPI: Dynamic OEM Table Load:
Jan 05 17:29:44 inspiration-archibald kernel: ACPI: SSDT 0xFFFF93776BDB7000 000D14 (v02 PmRef  ApIst    00003000 INTL 20160527)
Jan 05 17:29:44 inspiration-archibald kernel: ACPI: Executed 1 blocks of module-level executable AML code
Jan 05 17:29:44 inspiration-archibald kernel: ACPI: Dynamic OEM Table Load:
Jan 05 17:29:44 inspiration-archibald kernel: ACPI: SSDT 0xFFFF93776BFA0C00 00030A (v02 PmRef  ApCst    00003000 INTL 20160527)
Jan 05 17:29:44 inspiration-archibald kernel: ACPI: Executed 1 blocks of module-level executable AML code
Jan 05 17:29:44 inspiration-archibald kernel: ACPI: EC: EC started
Jan 05 17:29:44 inspiration-archibald kernel: ACPI: EC: interrupt blocked
Jan 05 17:29:44 inspiration-archibald kernel: ACPI: \_SB_.PCI0.LPCB.EC0_: Used as first EC
Jan 05 17:29:44 inspiration-archibald kernel: ACPI: \_SB_.PCI0.LPCB.EC0_: GPE=0x50, EC_CMD/EC_SC=0x66, EC_DATA=0x62
Jan 05 17:29:44 inspiration-archibald kernel: ACPI: \_SB_.PCI0.LPCB.EC0_: Used as boot DSDT EC to handle transactions
Jan 05 17:29:44 inspiration-archibald kernel: ACPI: Interpreter enabled
Jan 05 17:29:44 inspiration-archibald kernel: ACPI: (supports S0 S3 S4 S5)
Jan 05 17:29:44 inspiration-archibald kernel: ACPI: Using IOAPIC for interrupt routing
Jan 05 17:29:44 inspiration-archibald kernel: PCI: Using host bridge windows from ACPI; if necessary, use "pci=nocrs" and report a bug
Jan 05 17:29:44 inspiration-archibald kernel: ACPI: Enabled 6 GPEs in block 00 to 7F
Jan 05 17:29:44 inspiration-archibald kernel: ACPI: Power Resource [PC01] (on)
Jan 05 17:29:44 inspiration-archibald kernel: ACPI: Power Resource [FN00] (off)
Jan 05 17:29:44 inspiration-archibald kernel: ACPI: Power Resource [FN01] (off)
Jan 05 17:29:44 inspiration-archibald kernel: ACPI: Power Resource [FN02] (off)
Jan 05 17:29:44 inspiration-archibald kernel: ACPI: Power Resource [FN03] (off)
Jan 05 17:29:44 inspiration-archibald kernel: ACPI: Power Resource [FN04] (off)
Jan 05 17:29:44 inspiration-archibald kernel: ACPI: PCI Root Bridge [PCI0] (domain 0000 [bus 00-fe])
Jan 05 17:29:44 inspiration-archibald kernel: acpi PNP0A08:00: _OSC: OS supports [ExtendedConfig ASPM ClockPM Segments MSI]
Jan 05 17:29:44 inspiration-archibald kernel: acpi PNP0A08:00: _OSC: platform does not support [PCIeHotplug PME]
Jan 05 17:29:44 inspiration-archibald kernel: acpi PNP0A08:00: _OSC: OS now controls [AER PCIeCapability]
Jan 05 17:29:44 inspiration-archibald kernel: acpi PNP0A08:00: FADT indicates ASPM is unsupported, using BIOS configuration
Jan 05 17:29:44 inspiration-archibald kernel: PCI host bridge to bus 0000:00
Jan 05 17:29:44 inspiration-archibald kernel: pci_bus 0000:00: root bus resource [io  0x0000-0x0cf7 window]
Jan 05 17:29:44 inspiration-archibald kernel: pci_bus 0000:00: root bus resource [io  0x0d00-0xffff window]
Jan 05 17:29:44 inspiration-archibald kernel: pci_bus 0000:00: root bus resource [mem 0x000a0000-0x000bffff window]
Jan 05 17:29:44 inspiration-archibald kernel: pci_bus 0000:00: root bus resource [mem 0x000c0000-0x000c3fff window]
Jan 05 17:29:44 inspiration-archibald kernel: pci_bus 0000:00: root bus resource [mem 0x000c4000-0x000c7fff window]
Jan 05 17:29:44 inspiration-archibald kernel: pci_bus 0000:00: root bus resource [mem 0x000c8000-0x000cbfff window]
Jan 05 17:29:44 inspiration-archibald kernel: pci_bus 0000:00: root bus resource [mem 0x000cc000-0x000cffff window]
Jan 05 17:29:44 inspiration-archibald kernel: pci_bus 0000:00: root bus resource [mem 0x000d0000-0x000d3fff window]
Jan 05 17:29:44 inspiration-archibald kernel: pci_bus 0000:00: root bus resource [mem 0x000d4000-0x000d7fff window]
Jan 05 17:29:44 inspiration-archibald kernel: pci_bus 0000:00: root bus resource [mem 0x000d8000-0x000dbfff window]
Jan 05 17:29:44 inspiration-archibald kernel: pci_bus 0000:00: root bus resource [mem 0x000dc000-0x000dffff window]
Jan 05 17:29:44 inspiration-archibald kernel: pci_bus 0000:00: root bus resource [mem 0x80000000-0xdfffffff window]
Jan 05 17:29:44 inspiration-archibald kernel: pci_bus 0000:00: root bus resource [mem 0xfd000000-0xfe7fffff window]
Jan 05 17:29:44 inspiration-archibald kernel: pci_bus 0000:00: root bus resource [bus 00-fe]
Jan 05 17:29:44 inspiration-archibald kernel: pci 0000:00:00.0: [8086:5914] type 00 class 0x060000
Jan 05 17:29:44 inspiration-archibald kernel: pci 0000:00:02.0: [8086:5917] type 00 class 0x030000
Jan 05 17:29:44 inspiration-archibald kernel: pci 0000:00:02.0: reg 0x10: [mem 0xa2000000-0xa2ffffff 64bit]
Jan 05 17:29:44 inspiration-archibald kernel: pci 0000:00:02.0: reg 0x18: [mem 0xb0000000-0xbfffffff 64bit pref]
Jan 05 17:29:44 inspiration-archibald kernel: pci 0000:00:02.0: reg 0x20: [io  0x4000-0x403f]
Jan 05 17:29:44 inspiration-archibald kernel: pci 0000:00:02.0: BAR 2: assigned to efifb
Jan 05 17:29:44 inspiration-archibald kernel: pci 0000:00:14.0: [8086:9d2f] type 00 class 0x0c0330
Jan 05 17:29:44 inspiration-archibald kernel: pci 0000:00:14.0: reg 0x10: [mem 0xa4410000-0xa441ffff 64bit]
Jan 05 17:29:44 inspiration-archibald kernel: pci 0000:00:14.0: PME# supported from D3hot D3cold
Jan 05 17:29:44 inspiration-archibald kernel: pci 0000:00:14.2: [8086:9d31] type 00 class 0x118000
Jan 05 17:29:44 inspiration-archibald kernel: pci 0000:00:14.2: reg 0x10: [mem 0xa442a000-0xa442afff 64bit]
Jan 05 17:29:44 inspiration-archibald kernel: pci 0000:00:15.0: [8086:9d60] type 00 class 0x118000
Jan 05 17:29:44 inspiration-archibald kernel: pci 0000:00:15.0: reg 0x10: [mem 0xa442b000-0xa442bfff 64bit]
Jan 05 17:29:44 inspiration-archibald kernel: pci 0000:00:15.1: [8086:9d61] type 00 class 0x118000
Jan 05 17:29:44 inspiration-archibald kernel: pci 0000:00:15.1: reg 0x10: [mem 0xa442c000-0xa442cfff 64bit]
Jan 05 17:29:44 inspiration-archibald kernel: pci 0000:00:15.2: [8086:9d62] type 00 class 0x118000
Jan 05 17:29:44 inspiration-archibald kernel: pci 0000:00:15.2: reg 0x10: [mem 0xa442d000-0xa442dfff 64bit]
Jan 05 17:29:44 inspiration-archibald kernel: pci 0000:00:16.0: [8086:9d3a] type 00 class 0x078000
Jan 05 17:29:44 inspiration-archibald kernel: pci 0000:00:16.0: reg 0x10: [mem 0xa442e000-0xa442efff 64bit]
Jan 05 17:29:44 inspiration-archibald kernel: pci 0000:00:16.0: PME# supported from D3hot
Jan 05 17:29:44 inspiration-archibald kernel: pci 0000:00:17.0: [8086:9d03] type 00 class 0x010601
Jan 05 17:29:44 inspiration-archibald kernel: pci 0000:00:17.0: reg 0x10: [mem 0xa4428000-0xa4429fff]
Jan 05 17:29:44 inspiration-archibald kernel: pci 0000:00:17.0: reg 0x14: [mem 0xa4431000-0xa44310ff]
Jan 05 17:29:44 inspiration-archibald kernel: pci 0000:00:17.0: reg 0x18: [io  0x4080-0x4087]
Jan 05 17:29:44 inspiration-archibald kernel: pci 0000:00:17.0: reg 0x1c: [io  0x4088-0x408b]
Jan 05 17:29:44 inspiration-archibald kernel: pci 0000:00:17.0: reg 0x20: [io  0x4060-0x407f]
Jan 05 17:29:44 inspiration-archibald kernel: pci 0000:00:17.0: reg 0x24: [mem 0xa442f000-0xa442f7ff]
Jan 05 17:29:44 inspiration-archibald kernel: pci 0000:00:17.0: PME# supported from D3hot
Jan 05 17:29:44 inspiration-archibald kernel: pci 0000:00:1c.0: [8086:9d10] type 01 class 0x060400
Jan 05 17:29:44 inspiration-archibald kernel: pci 0000:00:1c.0: PME# supported from D0 D3hot D3cold
Jan 05 17:29:44 inspiration-archibald kernel: pci 0000:00:1c.4: [8086:9d14] type 01 class 0x060400
Jan 05 17:29:44 inspiration-archibald kernel: pci 0000:00:1c.4: PME# supported from D0 D3hot D3cold
Jan 05 17:29:44 inspiration-archibald kernel: pci 0000:00:1c.5: [8086:9d15] type 01 class 0x060400
Jan 05 17:29:44 inspiration-archibald kernel: pci 0000:00:1c.5: PME# supported from D0 D3hot D3cold
Jan 05 17:29:44 inspiration-archibald kernel: pci 0000:00:1d.0: [8086:9d18] type 01 class 0x060400
Jan 05 17:29:44 inspiration-archibald kernel: pci 0000:00:1d.0: PME# supported from D0 D3hot D3cold
Jan 05 17:29:44 inspiration-archibald kernel: pci 0000:00:1f.0: [8086:9d4e] type 00 class 0x060100
Jan 05 17:29:44 inspiration-archibald kernel: pci 0000:00:1f.2: [8086:9d21] type 00 class 0x058000
Jan 05 17:29:44 inspiration-archibald kernel: pci 0000:00:1f.2: reg 0x10: [mem 0xa4424000-0xa4427fff]
Jan 05 17:29:44 inspiration-archibald kernel: pci 0000:00:1f.3: [8086:9d71] type 00 class 0x040300
Jan 05 17:29:44 inspiration-archibald kernel: pci 0000:00:1f.3: reg 0x10: [mem 0xa4420000-0xa4423fff 64bit]
Jan 05 17:29:44 inspiration-archibald kernel: pci 0000:00:1f.3: reg 0x20: [mem 0xa4400000-0xa440ffff 64bit]
Jan 05 17:29:44 inspiration-archibald kernel: pci 0000:00:1f.3: PME# supported from D3hot D3cold
Jan 05 17:29:44 inspiration-archibald kernel: pci 0000:00:1f.4: [8086:9d23] type 00 class 0x0c0500
Jan 05 17:29:44 inspiration-archibald kernel: pci 0000:00:1f.4: reg 0x10: [mem 0xa4430000-0xa44300ff 64bit]
Jan 05 17:29:44 inspiration-archibald kernel: pci 0000:00:1f.4: reg 0x20: [io  0x4040-0x405f]
Jan 05 17:29:44 inspiration-archibald kernel: pci 0000:01:00.0: [10de:174d] type 00 class 0x030200
Jan 05 17:29:44 inspiration-archibald kernel: pci 0000:01:00.0: reg 0x10: [mem 0xa3000000-0xa3ffffff]
Jan 05 17:29:44 inspiration-archibald kernel: pci 0000:01:00.0: reg 0x14: [mem 0x90000000-0x9fffffff 64bit pref]
Jan 05 17:29:44 inspiration-archibald kernel: pci 0000:01:00.0: reg 0x1c: [mem 0xa0000000-0xa1ffffff 64bit pref]
Jan 05 17:29:44 inspiration-archibald kernel: pci 0000:01:00.0: reg 0x24: [io  0x3000-0x307f]
Jan 05 17:29:44 inspiration-archibald kernel: pci 0000:01:00.0: reg 0x30: [mem 0xfff80000-0xffffffff pref]
Jan 05 17:29:44 inspiration-archibald kernel: pci 0000:01:00.0: Enabling HDA controller
Jan 05 17:29:44 inspiration-archibald kernel: pci 0000:00:1c.0: PCI bridge to [bus 01]
Jan 05 17:29:44 inspiration-archibald kernel: pci 0000:00:1c.0:   bridge window [io  0x3000-0x3fff]
Jan 05 17:29:44 inspiration-archibald kernel: pci 0000:00:1c.0:   bridge window [mem 0xa3000000-0xa3ffffff]
Jan 05 17:29:44 inspiration-archibald kernel: pci 0000:00:1c.0:   bridge window [mem 0x90000000-0xa1ffffff 64bit pref]
Jan 05 17:29:44 inspiration-archibald kernel: pci 0000:02:00.0: [10ec:5229] type 00 class 0xff0000
Jan 05 17:29:44 inspiration-archibald kernel: pci 0000:02:00.0: reg 0x10: [mem 0xa4300000-0xa4300fff]
Jan 05 17:29:44 inspiration-archibald kernel: pci 0000:02:00.0: supports D1 D2
Jan 05 17:29:44 inspiration-archibald kernel: pci 0000:02:00.0: PME# supported from D1 D2 D3hot
Jan 05 17:29:44 inspiration-archibald kernel: pci 0000:00:1c.4: PCI bridge to [bus 02]
Jan 05 17:29:44 inspiration-archibald kernel: pci 0000:00:1c.4:   bridge window [mem 0xa4300000-0xa43fffff]
Jan 05 17:29:44 inspiration-archibald kernel: pci 0000:03:00.0: [168c:003e] type 00 class 0x028000
Jan 05 17:29:44 inspiration-archibald kernel: pci 0000:03:00.0: reg 0x10: [mem 0xa4000000-0xa41fffff 64bit]
Jan 05 17:29:44 inspiration-archibald kernel: pci 0000:03:00.0: PME# supported from D0 D3hot D3cold
Jan 05 17:29:44 inspiration-archibald kernel: pci 0000:00:1c.5: PCI bridge to [bus 03]
Jan 05 17:29:44 inspiration-archibald kernel: pci 0000:00:1c.5:   bridge window [mem 0xa4000000-0xa41fffff]
Jan 05 17:29:44 inspiration-archibald kernel: pci 0000:04:00.0: [1c5c:1527] type 00 class 0x010802
Jan 05 17:29:44 inspiration-archibald kernel: pci 0000:04:00.0: reg 0x10: [mem 0xa4200000-0xa4203fff 64bit]
Jan 05 17:29:44 inspiration-archibald kernel: pci 0000:00:1d.0: PCI bridge to [bus 04]
Jan 05 17:29:44 inspiration-archibald kernel: pci 0000:00:1d.0:   bridge window [mem 0xa4200000-0xa42fffff]
Jan 05 17:29:44 inspiration-archibald kernel: ACPI: PCI Interrupt Link [LNKA] (IRQs 3 4 5 6 10 *11 12 14 15)
Jan 05 17:29:44 inspiration-archibald kernel: ACPI: PCI Interrupt Link [LNKB] (IRQs 3 4 5 6 *10 11 12 14 15)
Jan 05 17:29:44 inspiration-archibald kernel: ACPI: PCI Interrupt Link [LNKC] (IRQs 3 4 5 6 10 *11 12 14 15)
Jan 05 17:29:44 inspiration-archibald kernel: ACPI: PCI Interrupt Link [LNKD] (IRQs 3 4 5 6 10 *11 12 14 15)
Jan 05 17:29:44 inspiration-archibald kernel: ACPI: PCI Interrupt Link [LNKE] (IRQs 3 4 5 6 10 *11 12 14 15)
Jan 05 17:29:44 inspiration-archibald kernel: ACPI: PCI Interrupt Link [LNKF] (IRQs 3 4 5 6 10 *11 12 14 15)
Jan 05 17:29:44 inspiration-archibald kernel: ACPI: PCI Interrupt Link [LNKG] (IRQs 3 4 5 6 10 *11 12 14 15)
Jan 05 17:29:44 inspiration-archibald kernel: ACPI: PCI Interrupt Link [LNKH] (IRQs 3 4 5 6 10 *11 12 14 15)
Jan 05 17:29:44 inspiration-archibald kernel: ACPI: EC: interrupt unblocked
Jan 05 17:29:44 inspiration-archibald kernel: ACPI: EC: event unblocked
Jan 05 17:29:44 inspiration-archibald kernel: ACPI: \_SB_.PCI0.LPCB.EC0_: GPE=0x50, EC_CMD/EC_SC=0x66, EC_DATA=0x62
Jan 05 17:29:44 inspiration-archibald kernel: ACPI: \_SB_.PCI0.LPCB.EC0_: Used as boot DSDT EC to handle transactions and events
Jan 05 17:29:44 inspiration-archibald kernel: SCSI subsystem initialized
Jan 05 17:29:44 inspiration-archibald kernel: libata version 3.00 loaded.
Jan 05 17:29:44 inspiration-archibald kernel: pci 0000:00:02.0: vgaarb: setting as boot VGA device
Jan 05 17:29:44 inspiration-archibald kernel: pci 0000:00:02.0: vgaarb: VGA device added: decodes=io+mem,owns=io+mem,locks=none
Jan 05 17:29:44 inspiration-archibald kernel: pci 0000:00:02.0: vgaarb: bridge control possible
Jan 05 17:29:44 inspiration-archibald kernel: vgaarb: loaded
Jan 05 17:29:44 inspiration-archibald kernel: ACPI: bus type USB registered
Jan 05 17:29:44 inspiration-archibald kernel: usbcore: registered new interface driver usbfs
Jan 05 17:29:44 inspiration-archibald kernel: usbcore: registered new interface driver hub
Jan 05 17:29:44 inspiration-archibald kernel: usbcore: registered new device driver usb
Jan 05 17:29:44 inspiration-archibald kernel: EDAC MC: Ver: 3.0.0
Jan 05 17:29:44 inspiration-archibald kernel: Registered efivars operations
Jan 05 17:29:44 inspiration-archibald kernel: PCI: Using ACPI for IRQ routing
Jan 05 17:29:44 inspiration-archibald kernel: PCI: pci_cache_line_size set to 64 bytes
Jan 05 17:29:44 inspiration-archibald kernel: e820: reserve RAM buffer [mem 0x00058000-0x0005ffff]
Jan 05 17:29:44 inspiration-archibald kernel: e820: reserve RAM buffer [mem 0x0009e000-0x0009ffff]
Jan 05 17:29:44 inspiration-archibald kernel: e820: reserve RAM buffer [mem 0x60a39000-0x63ffffff]
Jan 05 17:29:44 inspiration-archibald kernel: e820: reserve RAM buffer [mem 0x628b2000-0x63ffffff]
Jan 05 17:29:44 inspiration-archibald kernel: e820: reserve RAM buffer [mem 0x793c8000-0x7bffffff]
Jan 05 17:29:44 inspiration-archibald kernel: e820: reserve RAM buffer [mem 0x7afff000-0x7bffffff]
Jan 05 17:29:44 inspiration-archibald kernel: e820: reserve RAM buffer [mem 0x47f000000-0x47fffffff]
Jan 05 17:29:44 inspiration-archibald kernel: NetLabel: Initializing
Jan 05 17:29:44 inspiration-archibald kernel: NetLabel:  domain hash size = 128
Jan 05 17:29:44 inspiration-archibald kernel: NetLabel:  protocols = UNLABELED CIPSOv4 CALIPSO
Jan 05 17:29:44 inspiration-archibald kernel: NetLabel:  unlabeled traffic allowed by default
Jan 05 17:29:44 inspiration-archibald kernel: hpet0: at MMIO 0xfed00000, IRQs 2, 8, 0, 0, 0, 0, 0, 0
Jan 05 17:29:44 inspiration-archibald kernel: hpet0: 8 comparators, 64-bit 24.000000 MHz counter
Jan 05 17:29:44 inspiration-archibald kernel: clocksource: Switched to clocksource hpet
Jan 05 17:29:44 inspiration-archibald kernel: VFS: Disk quotas dquot_6.6.0
Jan 05 17:29:44 inspiration-archibald kernel: VFS: Dquot-cache hash table entries: 512 (order 0, 4096 bytes)
Jan 05 17:29:44 inspiration-archibald kernel: AppArmor: AppArmor Filesystem Enabled
Jan 05 17:29:44 inspiration-archibald kernel: pnp: PnP ACPI init
Jan 05 17:29:44 inspiration-archibald kernel: system 00:00: [mem 0xfd000000-0xfdabffff] has been reserved
Jan 05 17:29:44 inspiration-archibald kernel: system 00:00: [mem 0xfdad0000-0xfdadffff] has been reserved
Jan 05 17:29:44 inspiration-archibald kernel: system 00:00: [mem 0xfdb00000-0xfdffffff] has been reserved
Jan 05 17:29:44 inspiration-archibald kernel: system 00:00: [mem 0xfe000000-0xfe01ffff] has been reserved
Jan 05 17:29:44 inspiration-archibald kernel: system 00:00: [mem 0xfe036000-0xfe03bfff] has been reserved
Jan 05 17:29:44 inspiration-archibald kernel: system 00:00: [mem 0xfe03d000-0xfe3fffff] has been reserved
Jan 05 17:29:44 inspiration-archibald kernel: system 00:00: [mem 0xfe410000-0xfe7fffff] has been reserved
Jan 05 17:29:44 inspiration-archibald kernel: system 00:00: Plug and Play ACPI device, IDs PNP0c02 (active)
Jan 05 17:29:44 inspiration-archibald kernel: system 00:01: [io  0x2000-0x20fe] has been reserved
Jan 05 17:29:44 inspiration-archibald kernel: system 00:01: Plug and Play ACPI device, IDs PNP0c02 (active)
Jan 05 17:29:44 inspiration-archibald kernel: system 00:02: [io  0x0680-0x069f] has been reserved
Jan 05 17:29:44 inspiration-archibald kernel: system 00:02: [io  0xfd40-0xfd43] has been reserved
Jan 05 17:29:44 inspiration-archibald kernel: system 00:02: [io  0xffff] has been reserved
Jan 05 17:29:44 inspiration-archibald kernel: system 00:02: [io  0xffff] has been reserved
Jan 05 17:29:44 inspiration-archibald kernel: system 00:02: [io  0xffff] has been reserved
Jan 05 17:29:44 inspiration-archibald kernel: system 00:02: [io  0x1800-0x18fe] has been reserved
Jan 05 17:29:44 inspiration-archibald kernel: system 00:02: [io  0x164e-0x164f] has been reserved
Jan 05 17:29:44 inspiration-archibald kernel: system 00:02: Plug and Play ACPI device, IDs PNP0c02 (active)
Jan 05 17:29:44 inspiration-archibald kernel: pnp 00:03: Plug and Play ACPI device, IDs PNP0b00 (active)
Jan 05 17:29:44 inspiration-archibald kernel: system 00:04: [io  0x1854-0x1857] has been reserved
Jan 05 17:29:44 inspiration-archibald kernel: system 00:04: Plug and Play ACPI device, IDs INT3f0d PNP0c02 (active)
Jan 05 17:29:44 inspiration-archibald kernel: pnp 00:05: Plug and Play ACPI device, IDs PNP0303 (active)
Jan 05 17:29:44 inspiration-archibald kernel: system 00:06: [mem 0xfe035000-0xfe035fff] has been reserved
Jan 05 17:29:44 inspiration-archibald kernel: system 00:06: [mem 0xfe034008-0xfe034fff] has been reserved
Jan 05 17:29:44 inspiration-archibald kernel: system 00:06: Plug and Play ACPI device, IDs PNP0c02 (active)
Jan 05 17:29:44 inspiration-archibald kernel: system 00:07: [mem 0xfe034000-0xfe034007] has been reserved
Jan 05 17:29:44 inspiration-archibald kernel: system 00:07: Plug and Play ACPI device, IDs PNP0c02 (active)
Jan 05 17:29:44 inspiration-archibald kernel: system 00:08: [mem 0xfed10000-0xfed17fff] has been reserved
Jan 05 17:29:44 inspiration-archibald kernel: system 00:08: [mem 0xfed18000-0xfed18fff] has been reserved
Jan 05 17:29:44 inspiration-archibald kernel: system 00:08: [mem 0xfed19000-0xfed19fff] has been reserved
Jan 05 17:29:44 inspiration-archibald kernel: system 00:08: [mem 0xe0000000-0xefffffff] has been reserved
Jan 05 17:29:44 inspiration-archibald kernel: system 00:08: [mem 0xfed20000-0xfed3ffff] has been reserved
Jan 05 17:29:44 inspiration-archibald kernel: system 00:08: [mem 0xfed90000-0xfed93fff] could not be reserved
Jan 05 17:29:44 inspiration-archibald kernel: system 00:08: [mem 0xfed45000-0xfed8ffff] could not be reserved
Jan 05 17:29:44 inspiration-archibald kernel: system 00:08: [mem 0xff000000-0xff000fff] has been reserved
Jan 05 17:29:44 inspiration-archibald kernel: system 00:08: [mem 0xff010000-0xffffffff] could not be reserved
Jan 05 17:29:44 inspiration-archibald kernel: system 00:08: [mem 0xff001000-0xff0010ff] has been reserved
Jan 05 17:29:44 inspiration-archibald kernel: system 00:08: [mem 0xfee00000-0xfeefffff] could not be reserved
Jan 05 17:29:44 inspiration-archibald kernel: system 00:08: [mem 0x80000000-0x8001ffff] has been reserved
Jan 05 17:29:44 inspiration-archibald kernel: system 00:08: Plug and Play ACPI device, IDs PNP0c02 (active)
Jan 05 17:29:44 inspiration-archibald kernel: pnp: PnP ACPI: found 9 devices
Jan 05 17:29:44 inspiration-archibald kernel: clocksource: acpi_pm: mask: 0xffffff max_cycles: 0xffffff, max_idle_ns: 2085701024 ns
Jan 05 17:29:44 inspiration-archibald kernel: pci 0000:01:00.0: can't claim BAR 6 [mem 0xfff80000-0xffffffff pref]: no compatible bridge window
Jan 05 17:29:44 inspiration-archibald kernel: pci 0000:01:00.0: BAR 6: no space for [mem size 0x00080000 pref]
Jan 05 17:29:44 inspiration-archibald kernel: pci 0000:01:00.0: BAR 6: failed to assign [mem size 0x00080000 pref]
Jan 05 17:29:44 inspiration-archibald kernel: pci 0000:00:1c.0: PCI bridge to [bus 01]
Jan 05 17:29:44 inspiration-archibald kernel: pci 0000:00:1c.0:   bridge window [io  0x3000-0x3fff]
Jan 05 17:29:44 inspiration-archibald kernel: pci 0000:00:1c.0:   bridge window [mem 0xa3000000-0xa3ffffff]
Jan 05 17:29:44 inspiration-archibald kernel: pci 0000:00:1c.0:   bridge window [mem 0x90000000-0xa1ffffff 64bit pref]
Jan 05 17:29:44 inspiration-archibald kernel: pci 0000:00:1c.4: PCI bridge to [bus 02]
Jan 05 17:29:44 inspiration-archibald kernel: pci 0000:00:1c.4:   bridge window [mem 0xa4300000-0xa43fffff]
Jan 05 17:29:44 inspiration-archibald kernel: pci 0000:00:1c.5: PCI bridge to [bus 03]
Jan 05 17:29:44 inspiration-archibald kernel: pci 0000:00:1c.5:   bridge window [mem 0xa4000000-0xa41fffff]
Jan 05 17:29:44 inspiration-archibald kernel: pci 0000:00:1d.0: PCI bridge to [bus 04]
Jan 05 17:29:44 inspiration-archibald kernel: pci 0000:00:1d.0:   bridge window [mem 0xa4200000-0xa42fffff]
Jan 05 17:29:44 inspiration-archibald kernel: pci_bus 0000:00: resource 4 [io  0x0000-0x0cf7 window]
Jan 05 17:29:44 inspiration-archibald kernel: pci_bus 0000:00: resource 5 [io  0x0d00-0xffff window]
Jan 05 17:29:44 inspiration-archibald kernel: pci_bus 0000:00: resource 6 [mem 0x000a0000-0x000bffff window]
Jan 05 17:29:44 inspiration-archibald kernel: pci_bus 0000:00: resource 7 [mem 0x000c0000-0x000c3fff window]
Jan 05 17:29:44 inspiration-archibald kernel: pci_bus 0000:00: resource 8 [mem 0x000c4000-0x000c7fff window]
Jan 05 17:29:44 inspiration-archibald kernel: pci_bus 0000:00: resource 9 [mem 0x000c8000-0x000cbfff window]
Jan 05 17:29:44 inspiration-archibald kernel: pci_bus 0000:00: resource 10 [mem 0x000cc000-0x000cffff window]
Jan 05 17:29:44 inspiration-archibald kernel: pci_bus 0000:00: resource 11 [mem 0x000d0000-0x000d3fff window]
Jan 05 17:29:44 inspiration-archibald kernel: pci_bus 0000:00: resource 12 [mem 0x000d4000-0x000d7fff window]
Jan 05 17:29:44 inspiration-archibald kernel: pci_bus 0000:00: resource 13 [mem 0x000d8000-0x000dbfff window]
Jan 05 17:29:44 inspiration-archibald kernel: pci_bus 0000:00: resource 14 [mem 0x000dc000-0x000dffff window]
Jan 05 17:29:44 inspiration-archibald kernel: pci_bus 0000:00: resource 15 [mem 0x80000000-0xdfffffff window]
Jan 05 17:29:44 inspiration-archibald kernel: pci_bus 0000:00: resource 16 [mem 0xfd000000-0xfe7fffff window]
Jan 05 17:29:44 inspiration-archibald kernel: pci_bus 0000:01: resource 0 [io  0x3000-0x3fff]
Jan 05 17:29:44 inspiration-archibald kernel: pci_bus 0000:01: resource 1 [mem 0xa3000000-0xa3ffffff]
Jan 05 17:29:44 inspiration-archibald kernel: pci_bus 0000:01: resource 2 [mem 0x90000000-0xa1ffffff 64bit pref]
Jan 05 17:29:44 inspiration-archibald kernel: pci_bus 0000:02: resource 1 [mem 0xa4300000-0xa43fffff]
Jan 05 17:29:44 inspiration-archibald kernel: pci_bus 0000:03: resource 1 [mem 0xa4000000-0xa41fffff]
Jan 05 17:29:44 inspiration-archibald kernel: pci_bus 0000:04: resource 1 [mem 0xa4200000-0xa42fffff]
Jan 05 17:29:44 inspiration-archibald kernel: NET: Registered protocol family 2
Jan 05 17:29:44 inspiration-archibald kernel: TCP established hash table entries: 131072 (order: 8, 1048576 bytes)
Jan 05 17:29:44 inspiration-archibald kernel: TCP bind hash table entries: 65536 (order: 8, 1048576 bytes)
Jan 05 17:29:44 inspiration-archibald kernel: TCP: Hash tables configured (established 131072 bind 65536)
Jan 05 17:29:44 inspiration-archibald kernel: UDP hash table entries: 8192 (order: 6, 262144 bytes)
Jan 05 17:29:44 inspiration-archibald kernel: UDP-Lite hash table entries: 8192 (order: 6, 262144 bytes)
Jan 05 17:29:44 inspiration-archibald kernel: NET: Registered protocol family 1
Jan 05 17:29:44 inspiration-archibald kernel: pci 0000:00:02.0: Video device with shadowed ROM at [mem 0x000c0000-0x000dffff]
Jan 05 17:29:44 inspiration-archibald kernel: PCI: CLS 64 bytes, default 64
Jan 05 17:29:44 inspiration-archibald kernel: Unpacking initramfs...
Jan 05 17:29:44 inspiration-archibald kernel: Freeing initrd memory: 57884K
Jan 05 17:29:44 inspiration-archibald kernel: DMAR: ACPI device "device:70" under DMAR at fed91000 as 00:15.0
Jan 05 17:29:44 inspiration-archibald kernel: DMAR: ACPI device "device:71" under DMAR at fed91000 as 00:15.1
Jan 05 17:29:44 inspiration-archibald kernel: DMAR: ACPI device "device:72" under DMAR at fed91000 as 00:15.2
Jan 05 17:29:44 inspiration-archibald kernel: PCI-DMA: Using software bounce buffering for IO (SWIOTLB)
Jan 05 17:29:44 inspiration-archibald kernel: software IO TLB: mapped [mem 0x74e29000-0x78e29000] (64MB)
Jan 05 17:29:44 inspiration-archibald kernel: clocksource: tsc: mask: 0xffffffffffffffff max_cycles: 0x396d519840e, max_idle_ns: 881590569543 ns
Jan 05 17:29:44 inspiration-archibald kernel: Scanning for low memory corruption every 60 seconds
Jan 05 17:29:44 inspiration-archibald kernel: Initialise system trusted keyrings
Jan 05 17:29:44 inspiration-archibald kernel: Key type blacklist registered
Jan 05 17:29:44 inspiration-archibald kernel: workingset: timestamp_bits=36 max_order=22 bucket_order=0
Jan 05 17:29:44 inspiration-archibald kernel: zbud: loaded
Jan 05 17:29:44 inspiration-archibald kernel: squashfs: version 4.0 (2009/01/31) Phillip Lougher
Jan 05 17:29:44 inspiration-archibald kernel: fuse init (API version 7.26)
Jan 05 17:29:44 inspiration-archibald kernel: Key type asymmetric registered
Jan 05 17:29:44 inspiration-archibald kernel: Asymmetric key parser 'x509' registered
Jan 05 17:29:44 inspiration-archibald kernel: Block layer SCSI generic (bsg) driver version 0.4 loaded (major 246)
Jan 05 17:29:44 inspiration-archibald kernel: io scheduler noop registered
Jan 05 17:29:44 inspiration-archibald kernel: io scheduler deadline registered
Jan 05 17:29:44 inspiration-archibald kernel: io scheduler cfq registered (default)
Jan 05 17:29:44 inspiration-archibald kernel: efifb: probing for efifb
Jan 05 17:29:44 inspiration-archibald kernel: efifb: framebuffer at 0xb0000000, using 8128k, total 8128k
Jan 05 17:29:44 inspiration-archibald kernel: efifb: mode is 1920x1080x32, linelength=7680, pages=1
Jan 05 17:29:44 inspiration-archibald kernel: efifb: scrolling: redraw
Jan 05 17:29:44 inspiration-archibald kernel: efifb: Truecolor: size=8:8:8:8, shift=24:16:8:0
Jan 05 17:29:44 inspiration-archibald kernel: Console: switching to colour frame buffer device 240x67
Jan 05 17:29:44 inspiration-archibald kernel: fb0: EFI VGA frame buffer device
Jan 05 17:29:44 inspiration-archibald kernel: intel_idle: MWAIT substates: 0x11142120
Jan 05 17:29:44 inspiration-archibald kernel: intel_idle: v0.4.1 model 0x8E
Jan 05 17:29:44 inspiration-archibald kernel: intel_idle: lapic_timer_reliable_states 0xffffffff
Jan 05 17:29:44 inspiration-archibald kernel: ACPI: AC Adapter [ACAD] (on-line)
Jan 05 17:29:44 inspiration-archibald kernel: input: Lid Switch as /devices/LNXSYSTM:00/LNXSYBUS:00/PNP0A08:00/device:19/PNP0C0D:00/input/input0
Jan 05 17:29:44 inspiration-archibald kernel: ACPI: Lid Switch [LID0]
Jan 05 17:29:44 inspiration-archibald kernel: input: Power Button as /devices/LNXSYSTM:00/LNXSYBUS:00/PNP0C0C:00/input/input1
Jan 05 17:29:44 inspiration-archibald kernel: ACPI: Power Button [PWRB]
Jan 05 17:29:44 inspiration-archibald kernel: input: Power Button as /devices/LNXSYSTM:00/LNXPWRBN:00/input/input2
Jan 05 17:29:44 inspiration-archibald kernel: ACPI: Power Button [PWRF]
Jan 05 17:29:44 inspiration-archibald kernel: [Firmware Bug]: No valid trip found
Jan 05 17:29:44 inspiration-archibald kernel: [Firmware Bug]: No valid trip found
Jan 05 17:29:44 inspiration-archibald kernel: Serial: 8250/16550 driver, 32 ports, IRQ sharing enabled
Jan 05 17:29:44 inspiration-archibald kernel: ACPI: Battery Slot [BAT1] (battery present)
Jan 05 17:29:44 inspiration-archibald kernel: Linux agpgart interface v0.103
Jan 05 17:29:44 inspiration-archibald kernel: loop: module loaded
Jan 05 17:29:44 inspiration-archibald kernel: libphy: Fixed MDIO Bus: probed
Jan 05 17:29:44 inspiration-archibald kernel: tun: Universal TUN/TAP device driver, 1.6
Jan 05 17:29:44 inspiration-archibald kernel: PPP generic driver version 2.4.2
Jan 05 17:29:44 inspiration-archibald kernel: ehci_hcd: USB 2.0 'Enhanced' Host Controller (EHCI) Driver
Jan 05 17:29:44 inspiration-archibald kernel: ehci-pci: EHCI PCI platform driver
Jan 05 17:29:44 inspiration-archibald kernel: ehci-platform: EHCI generic platform driver
Jan 05 17:29:44 inspiration-archibald kernel: ohci_hcd: USB 1.1 'Open' Host Controller (OHCI) Driver
Jan 05 17:29:44 inspiration-archibald kernel: ohci-pci: OHCI PCI platform driver
Jan 05 17:29:44 inspiration-archibald kernel: ohci-platform: OHCI generic platform driver
Jan 05 17:29:44 inspiration-archibald kernel: uhci_hcd: USB Universal Host Controller Interface driver
Jan 05 17:29:44 inspiration-archibald kernel: xhci_hcd 0000:00:14.0: xHCI Host Controller
Jan 05 17:29:44 inspiration-archibald kernel: xhci_hcd 0000:00:14.0: new USB bus registered, assigned bus number 1
Jan 05 17:29:44 inspiration-archibald kernel: xhci_hcd 0000:00:14.0: hcc params 0x200077c1 hci version 0x100 quirks 0x0000000001109810
Jan 05 17:29:44 inspiration-archibald kernel: xhci_hcd 0000:00:14.0: cache line size of 64 is not supported
Jan 05 17:29:44 inspiration-archibald kernel: usb usb1: New USB device found, idVendor=1d6b, idProduct=0002
Jan 05 17:29:44 inspiration-archibald kernel: usb usb1: New USB device strings: Mfr=3, Product=2, SerialNumber=1
Jan 05 17:29:44 inspiration-archibald kernel: usb usb1: Product: xHCI Host Controller
Jan 05 17:29:44 inspiration-archibald kernel: usb usb1: Manufacturer: Linux 4.15.0-72-generic xhci-hcd
Jan 05 17:29:44 inspiration-archibald kernel: usb usb1: SerialNumber: 0000:00:14.0
Jan 05 17:29:44 inspiration-archibald kernel: hub 1-0:1.0: USB hub found
Jan 05 17:29:44 inspiration-archibald kernel: hub 1-0:1.0: 12 ports detected
Jan 05 17:29:44 inspiration-archibald kernel: xhci_hcd 0000:00:14.0: xHCI Host Controller
Jan 05 17:29:44 inspiration-archibald kernel: xhci_hcd 0000:00:14.0: new USB bus registered, assigned bus number 2
Jan 05 17:29:44 inspiration-archibald kernel: xhci_hcd 0000:00:14.0: Host supports USB 3.0  SuperSpeed
Jan 05 17:29:44 inspiration-archibald kernel: usb usb2: New USB device found, idVendor=1d6b, idProduct=0003
Jan 05 17:29:44 inspiration-archibald kernel: usb usb2: New USB device strings: Mfr=3, Product=2, SerialNumber=1
Jan 05 17:29:44 inspiration-archibald kernel: usb usb2: Product: xHCI Host Controller
Jan 05 17:29:44 inspiration-archibald kernel: usb usb2: Manufacturer: Linux 4.15.0-72-generic xhci-hcd
Jan 05 17:29:44 inspiration-archibald kernel: usb usb2: SerialNumber: 0000:00:14.0
Jan 05 17:29:44 inspiration-archibald kernel: hub 2-0:1.0: USB hub found
Jan 05 17:29:44 inspiration-archibald kernel: hub 2-0:1.0: 6 ports detected
Jan 05 17:29:44 inspiration-archibald kernel: usb: port power management may be unreliable
Jan 05 17:29:44 inspiration-archibald kernel: i8042: PNP: PS/2 Controller [PNP0303:PS2K] at 0x60,0x64 irq 1
Jan 05 17:29:44 inspiration-archibald kernel: i8042: PNP: PS/2 appears to have AUX port disabled, if this is incorrect please boot with i8042.nopnp
Jan 05 17:29:44 inspiration-archibald kernel: serio: i8042 KBD port at 0x60,0x64 irq 1
Jan 05 17:29:44 inspiration-archibald kernel: mousedev: PS/2 mouse device common for all mice
Jan 05 17:29:44 inspiration-archibald kernel: rtc_cmos 00:03: RTC can wake from S4
Jan 05 17:29:44 inspiration-archibald kernel: rtc_cmos 00:03: rtc core: registered rtc_cmos as rtc0
Jan 05 17:29:44 inspiration-archibald kernel: rtc_cmos 00:03: alarms up to one month, y3k, 242 bytes nvram, hpet irqs
Jan 05 17:29:44 inspiration-archibald kernel: i2c /dev entries driver
Jan 05 17:29:44 inspiration-archibald kernel: device-mapper: uevent: version 1.0.3
Jan 05 17:29:44 inspiration-archibald kernel: device-mapper: ioctl: 4.37.0-ioctl (2017-09-20) initialised: dm-devel@redhat.com
Jan 05 17:29:44 inspiration-archibald kernel: intel_pstate: Intel P-state driver initializing
Jan 05 17:29:44 inspiration-archibald kernel: intel_pstate: HWP enabled
Jan 05 17:29:44 inspiration-archibald kernel: ledtrig-cpu: registered to indicate activity on CPUs
Jan 05 17:29:44 inspiration-archibald kernel: EFI Variables Facility v0.08 2004-May-17
Jan 05 17:29:44 inspiration-archibald kernel: input: AT Translated Set 2 keyboard as /devices/platform/i8042/serio0/input/input3
Jan 05 17:29:44 inspiration-archibald kernel: intel_pmc_core:  initialized
Jan 05 17:29:44 inspiration-archibald kernel: NET: Registered protocol family 10
Jan 05 17:29:44 inspiration-archibald kernel: Segment Routing with IPv6
Jan 05 17:29:44 inspiration-archibald kernel: NET: Registered protocol family 17
Jan 05 17:29:44 inspiration-archibald kernel: Key type dns_resolver registered
Jan 05 17:29:44 inspiration-archibald kernel: mce: Using 10 MCE banks
Jan 05 17:29:44 inspiration-archibald kernel: RAS: Correctable Errors collector initialized.
Jan 05 17:29:44 inspiration-archibald kernel: microcode: sig=0x806ea, pf=0x80, revision=0xca
Jan 05 17:29:44 inspiration-archibald kernel: microcode: Microcode Update Driver: v2.2.
Jan 05 17:29:44 inspiration-archibald kernel: sched_clock: Marking stable (939606906, 0)->(927302509, 12304397)
Jan 05 17:29:44 inspiration-archibald kernel: registered taskstats version 1
Jan 05 17:29:44 inspiration-archibald kernel: Loading compiled-in X.509 certificates
Jan 05 17:29:44 inspiration-archibald kernel: Loaded X.509 cert 'Build time autogenerated kernel key: f4f7241365689b0cbe3898188e65e316fd8f978d'
Jan 05 17:29:44 inspiration-archibald kernel: Couldn't get size: 0x800000000000000e
Jan 05 17:29:44 inspiration-archibald kernel: MODSIGN: Couldn't get UEFI db list
Jan 05 17:29:44 inspiration-archibald kernel: Couldn't get size: 0x800000000000000e
Jan 05 17:29:44 inspiration-archibald kernel: MODSIGN: Couldn't get UEFI MokListRT
Jan 05 17:29:44 inspiration-archibald kernel: zswap: loaded using pool lzo/zbud
Jan 05 17:29:44 inspiration-archibald kernel: Key type big_key registered
Jan 05 17:29:44 inspiration-archibald kernel: Key type trusted registered
Jan 05 17:29:44 inspiration-archibald kernel: Key type encrypted registered
Jan 05 17:29:44 inspiration-archibald kernel: AppArmor: AppArmor sha1 policy hashing enabled
Jan 05 17:29:44 inspiration-archibald kernel: ima: Allocated hash algorithm: sha1
Jan 05 17:29:44 inspiration-archibald kernel: evm: HMAC attrs: 0x1
Jan 05 17:29:44 inspiration-archibald kernel:   Magic number: 4:965:488
Jan 05 17:29:44 inspiration-archibald kernel: regulator regulator.0: hash matches
Jan 05 17:29:44 inspiration-archibald kernel: rtc_cmos 00:03: setting system clock to 2020-01-05 16:29:10 UTC (1578241750)
Jan 05 17:29:44 inspiration-archibald kernel: BIOS EDD facility v0.16 2004-Jun-25, 0 devices found
Jan 05 17:29:44 inspiration-archibald kernel: EDD information not available.
Jan 05 17:29:44 inspiration-archibald kernel: usb 1-3: new low-speed USB device number 2 using xhci_hcd
Jan 05 17:29:44 inspiration-archibald kernel: usb 1-3: New USB device found, idVendor=1bcf, idProduct=053a
Jan 05 17:29:44 inspiration-archibald kernel: usb 1-3: New USB device strings: Mfr=0, Product=2, SerialNumber=0
Jan 05 17:29:44 inspiration-archibald kernel: usb 1-3: Product: 2.4GHz 2way RF Receiver
Jan 05 17:29:44 inspiration-archibald kernel: Freeing unused kernel image memory: 2428K
Jan 05 17:29:44 inspiration-archibald kernel: Write protecting the kernel read-only data: 20480k
Jan 05 17:29:44 inspiration-archibald kernel: Freeing unused kernel image memory: 2008K
Jan 05 17:29:44 inspiration-archibald kernel: Freeing unused kernel image memory: 1880K
Jan 05 17:29:44 inspiration-archibald kernel: x86/mm: Checked W+X mappings: passed, no W+X pages found.
Jan 05 17:29:44 inspiration-archibald kernel: x86/mm: Checking user space page tables
Jan 05 17:29:44 inspiration-archibald kernel: x86/mm: Checked W+X mappings: passed, no W+X pages found.
Jan 05 17:29:44 inspiration-archibald kernel: usb 1-5: new high-speed USB device number 3 using xhci_hcd
Jan 05 17:29:44 inspiration-archibald kernel: hidraw: raw HID events driver (C) Jiri Kosina
Jan 05 17:29:44 inspiration-archibald kernel: ahci 0000:00:17.0: version 3.0
Jan 05 17:29:44 inspiration-archibald kernel: ahci 0000:00:17.0: AHCI 0001.0301 32 slots 2 ports 6 Gbps 0x1 impl SATA mode
Jan 05 17:29:44 inspiration-archibald kernel: ahci 0000:00:17.0: flags: 64bit ncq led clo only pio slum part deso sadm sds apst 
Jan 05 17:29:44 inspiration-archibald kernel: scsi host0: ahci
Jan 05 17:29:44 inspiration-archibald kernel: nvme nvme0: pci function 0000:04:00.0
Jan 05 17:29:44 inspiration-archibald kernel: scsi host1: ahci
Jan 05 17:29:44 inspiration-archibald kernel: ata1: SATA max UDMA/133 abar m2048@0xa442f000 port 0xa442f100 irq 124
Jan 05 17:29:44 inspiration-archibald kernel: ata2: DUMMY
Jan 05 17:29:44 inspiration-archibald kernel: [drm] Memory usable by graphics device = 4096M
Jan 05 17:29:44 inspiration-archibald kernel: checking generic (b0000000 7f0000) vs hw (b0000000 10000000)
Jan 05 17:29:44 inspiration-archibald kernel: fb: switching to inteldrmfb from EFI VGA
Jan 05 17:29:44 inspiration-archibald kernel: Console: switching to colour dummy device 80x25
Jan 05 17:29:44 inspiration-archibald kernel: [drm] Replacing VGA console driver
Jan 05 17:29:44 inspiration-archibald kernel: [drm] Supports vblank timestamp caching Rev 2 (21.10.2013).
Jan 05 17:29:44 inspiration-archibald kernel: [drm] Driver supports precise vblank timestamp query.
Jan 05 17:29:44 inspiration-archibald kernel: i915 0000:00:02.0: vgaarb: changed VGA decodes: olddecodes=io+mem,decodes=io+mem:owns=io+mem
Jan 05 17:29:44 inspiration-archibald kernel: [drm] Finished loading DMC firmware i915/kbl_dmc_ver1_01.bin (v1.1)
Jan 05 17:29:44 inspiration-archibald kernel: [drm] Initialized i915 1.6.0 20171023 for 0000:00:02.0 on minor 0
Jan 05 17:29:44 inspiration-archibald kernel: ACPI: Video Device [GFX0] (multi-head: yes  rom: no  post: no)
Jan 05 17:29:44 inspiration-archibald kernel: input: Video Bus as /devices/LNXSYSTM:00/LNXSYBUS:00/PNP0A08:00/LNXVIDEO:00/input/input4
Jan 05 17:29:44 inspiration-archibald kernel: [Firmware Bug]: ACPI(PXSX) defines _DOD but not _DOS
Jan 05 17:29:44 inspiration-archibald kernel: ACPI: Video Device [PXSX] (multi-head: yes  rom: yes  post: no)
Jan 05 17:29:44 inspiration-archibald kernel: input: Video Bus as /devices/LNXSYSTM:00/LNXSYBUS:00/PNP0A08:00/device:34/LNXVIDEO:01/input/input5
Jan 05 17:29:44 inspiration-archibald kernel: fbcon: inteldrmfb (fb0) is primary device
Jan 05 17:29:44 inspiration-archibald kernel: Console: switching to colour frame buffer device 240x67
Jan 05 17:29:44 inspiration-archibald kernel: i915 0000:00:02.0: fb0: inteldrmfb frame buffer device
Jan 05 17:29:44 inspiration-archibald kernel: usb 1-5: New USB device found, idVendor=04f2, idProduct=b5d9
Jan 05 17:29:44 inspiration-archibald kernel: usb 1-5: New USB device strings: Mfr=3, Product=1, SerialNumber=2
Jan 05 17:29:44 inspiration-archibald kernel: usb 1-5: Product: EasyCamera
Jan 05 17:29:44 inspiration-archibald kernel: usb 1-5: Manufacturer: Chicony Electronics Co.,Ltd.
Jan 05 17:29:44 inspiration-archibald kernel: usb 1-5: SerialNumber: 0001
Jan 05 17:29:44 inspiration-archibald kernel:  nvme0n1: p1 p2
Jan 05 17:29:44 inspiration-archibald kernel: clocksource: Switched to clocksource tsc
Jan 05 17:29:44 inspiration-archibald kernel: usb 1-6: new full-speed USB device number 4 using xhci_hcd
Jan 05 17:29:44 inspiration-archibald kernel: ata1: SATA link down (SStatus 4 SControl 300)
Jan 05 17:29:44 inspiration-archibald kernel: usb 1-6: New USB device found, idVendor=06cb, idProduct=0081
Jan 05 17:29:44 inspiration-archibald kernel: usb 1-6: New USB device strings: Mfr=0, Product=0, SerialNumber=1
Jan 05 17:29:44 inspiration-archibald kernel: usb 1-6: SerialNumber: c306b407f647
Jan 05 17:29:44 inspiration-archibald kernel: usb 1-7: new full-speed USB device number 5 using xhci_hcd
Jan 05 17:29:44 inspiration-archibald kernel: usb 1-7: New USB device found, idVendor=0cf3, idProduct=e300
Jan 05 17:29:44 inspiration-archibald kernel: usb 1-7: New USB device strings: Mfr=0, Product=0, SerialNumber=0
Jan 05 17:29:44 inspiration-archibald kernel: usbcore: registered new interface driver usbhid
Jan 05 17:29:44 inspiration-archibald kernel: usbhid: USB HID core driver
Jan 05 17:29:44 inspiration-archibald kernel: input: 2.4GHz 2way RF Receiver as /devices/pci0000:00/0000:00:14.0/usb1/1-3/1-3:1.0/0003:1BCF:053A.0001/input/input6
Jan 05 17:29:44 inspiration-archibald kernel: hid-generic 0003:1BCF:053A.0001: input,hiddev0,hidraw0: USB HID v1.00 Mouse [2.4GHz 2way RF Receiver] on usb-0000:00:14.0-3/input0
Jan 05 17:29:44 inspiration-archibald kernel: [drm] RC6 on
Jan 05 17:29:44 inspiration-archibald kernel: random: plymouthd: uninitialized urandom read (8 bytes read)
Jan 05 17:29:44 inspiration-archibald kernel: random: plymouthd: uninitialized urandom read (8 bytes read)
Jan 05 17:29:44 inspiration-archibald kernel: random: lvm: uninitialized urandom read (4 bytes read)
Jan 05 17:29:44 inspiration-archibald kernel: raid6: sse2x1   gen() 13426 MB/s
Jan 05 17:29:44 inspiration-archibald kernel: raid6: sse2x1   xor()  9943 MB/s
Jan 05 17:29:44 inspiration-archibald kernel: raid6: sse2x2   gen() 16760 MB/s
Jan 05 17:29:44 inspiration-archibald kernel: raid6: sse2x2   xor() 11487 MB/s
Jan 05 17:29:44 inspiration-archibald kernel: raid6: sse2x4   gen() 18842 MB/s
Jan 05 17:29:44 inspiration-archibald kernel: raid6: sse2x4   xor() 12305 MB/s
Jan 05 17:29:44 inspiration-archibald kernel: raid6: avx2x1   gen() 24477 MB/s
Jan 05 17:29:44 inspiration-archibald kernel: raid6: avx2x1   xor() 17985 MB/s
Jan 05 17:29:44 inspiration-archibald kernel: raid6: avx2x2   gen() 28894 MB/s
Jan 05 17:29:44 inspiration-archibald kernel: raid6: avx2x2   xor() 20158 MB/s
Jan 05 17:29:44 inspiration-archibald kernel: raid6: avx2x4   gen() 35365 MB/s
Jan 05 17:29:44 inspiration-archibald kernel: raid6: avx2x4   xor() 21953 MB/s
Jan 05 17:29:44 inspiration-archibald kernel: raid6: using algorithm avx2x4 gen() 35365 MB/s
Jan 05 17:29:44 inspiration-archibald kernel: raid6: .... xor() 21953 MB/s, rmw enabled
Jan 05 17:29:44 inspiration-archibald kernel: raid6: using avx2x2 recovery algorithm
Jan 05 17:29:44 inspiration-archibald kernel: xor: automatically using best checksumming function   avx       
Jan 05 17:29:44 inspiration-archibald kernel: Btrfs loaded, crc32c=crc32c-intel
Jan 05 17:29:44 inspiration-archibald kernel: random: fast init done
Jan 05 17:29:44 inspiration-archibald kernel: urandom_read: 1 callbacks suppressed
Jan 05 17:29:44 inspiration-archibald kernel: random: systemd-udevd: uninitialized urandom read (16 bytes read)
Jan 05 17:29:44 inspiration-archibald kernel: random: systemd-udevd: uninitialized urandom read (16 bytes read)
Jan 05 17:29:44 inspiration-archibald kernel: random: systemd-udevd: uninitialized urandom read (16 bytes read)
Jan 05 17:29:44 inspiration-archibald kernel: EXT4-fs (dm-0): mounted filesystem with ordered data mode. Opts: (null)
Jan 05 17:29:44 inspiration-archibald kernel: ip_tables: (C) 2000-2006 Netfilter Core Team
Jan 05 17:29:44 inspiration-archibald systemd[1]: systemd 237 running in system mode. (+PAM +AUDIT +SELINUX +IMA +APPARMOR +SMACK +SYSVINIT +UTMP +LIBCRYPTSETUP +GCRYPT +GNUTLS +ACL +XZ +LZ4 +SECCOMP +BLKID +ELFUTILS +KMOD -IDN2 +IDN -PCRE2 default-hierarchy=hybrid)
Jan 05 17:29:44 inspiration-archibald systemd[1]: Detected architecture x86-64.
Jan 05 17:29:44 inspiration-archibald systemd[1]: Set hostname to <inspiration-archibald>.
Jan 05 17:29:44 inspiration-archibald systemd[1]: Started Forward Password Requests to Wall Directory Watch.
Jan 05 17:29:44 inspiration-archibald systemd[1]: Created slice System Slice.
Jan 05 17:29:44 inspiration-archibald systemd[1]: Listening on udev Kernel Socket.
Jan 05 17:29:44 inspiration-archibald systemd[1]: Created slice system-systemd\x2dfsck.slice.
Jan 05 17:29:44 inspiration-archibald systemd[1]: Set up automount Arbitrary Executable File Formats File System Automount Point.
Jan 05 17:29:44 inspiration-archibald systemd[1]: Listening on Journal Audit Socket.
Jan 05 17:29:44 inspiration-archibald systemd[1]: Listening on Journal Socket.
Jan 05 17:29:44 inspiration-archibald kernel: EXT4-fs (dm-0): re-mounted. Opts: errors=remount-ro
Jan 05 17:29:44 inspiration-archibald kernel: lp: driver loaded but no devices found
Jan 05 17:29:44 inspiration-archibald kernel: ppdev: user-space parallel port driver
Jan 05 17:29:44 inspiration-archibald systemd-journald[433]: Journal started
Jan 05 17:29:44 inspiration-archibald systemd-journald[433]: Runtime journal (/run/log/journal/eb36451c73e04b05a9aeb1fdcd40efb7) is 8.0M, max 159.0M, 151.0M free.
Jan 05 17:29:44 inspiration-archibald systemd-modules-load[427]: Inserted module 'lp'
Jan 05 17:29:44 inspiration-archibald systemd-modules-load[427]: Inserted module 'ppdev'
Jan 05 17:29:44 inspiration-archibald systemd-modules-load[427]: Inserted module 'parport_pc'
Jan 05 17:29:44 inspiration-archibald systemd[1]: Started LVM2 metadata daemon.
Jan 05 17:29:44 inspiration-archibald systemd[1]: Starting Flush Journal to Persistent Storage...
Jan 05 17:29:44 inspiration-archibald systemd-journald[433]: Time spent on flushing to /var is 87.536ms for 808 entries.
Jan 05 17:29:44 inspiration-archibald systemd-journald[433]: System journal (/var/log/journal/eb36451c73e04b05a9aeb1fdcd40efb7) is 1.5G, max 4.0G, 2.4G free.
Jan 05 17:29:44 inspiration-archibald kernel: random: crng init done
Jan 05 17:29:44 inspiration-archibald kernel: random: 3 urandom warning(s) missed due to ratelimiting
Jan 05 17:29:44 inspiration-archibald kernel: wmi_bus wmi_bus-PNP0C14:00: WQ data block query control method not found
Jan 05 17:29:44 inspiration-archibald kernel: wmi_bus wmi_bus-PNP0C14:00: WQ data block query control method not found
Jan 05 17:29:44 inspiration-archibald kernel: wmi_bus wmi_bus-PNP0C14:00: WQ data block query control method not found
Jan 05 17:29:44 inspiration-archibald kernel: wmi_bus wmi_bus-PNP0C14:00: WQ data block query control method not found
Jan 05 17:29:44 inspiration-archibald kernel: acpi PNP0C14:03: duplicate WMI GUID 05901221-D566-11D1-B2F0-00A0C9062910 (first instance was on PNP0C14:02)
Jan 05 17:29:44 inspiration-archibald kernel: input: Ideapad extra buttons as /devices/pci0000:00/0000:00:1f.0/PNP0C09:00/VPC2004:00/input/input7
Jan 05 17:29:44 inspiration-archibald kernel: (NULL device *): hwmon_device_register() is deprecated. Please convert the driver to use hwmon_device_register_with_info().
Jan 05 17:29:44 inspiration-archibald lvm[440]:   1 logical volume(s) in volume group "elementary-vg" monitored
Jan 05 17:29:44 inspiration-archibald systemd[1]: Started Create Static Device Nodes in /dev.
Jan 05 17:29:44 inspiration-archibald systemd[1]: Starting udev Kernel Device Manager...
Jan 05 17:29:44 inspiration-archibald systemd[1]: Started Apply Kernel Variables.
Jan 05 17:29:44 inspiration-archibald systemd[1]: Started Set the console keyboard layout.
Jan 05 17:29:44 inspiration-archibald systemd[1]: Started Monitoring of LVM2 mirrors, snapshots etc. using dmeventd or progress polling.
Jan 05 17:29:44 inspiration-archibald systemd[1]: Reached target Local File Systems (Pre).
Jan 05 17:29:44 inspiration-archibald systemd[1]: Started udev Coldplug all Devices.
Jan 05 17:29:44 inspiration-archibald systemd[1]: Started udev Kernel Device Manager.
Jan 05 17:29:44 inspiration-archibald systemd[1]: Starting Show Plymouth Boot Screen...
Jan 05 17:29:44 inspiration-archibald systemd[1]: Started Show Plymouth Boot Screen.
Jan 05 17:29:44 inspiration-archibald systemd[1]: Reached target Local Encrypted Volumes.
Jan 05 17:29:44 inspiration-archibald systemd[1]: Started Forward Password Requests to Plymouth Directory Watch.
Jan 05 17:29:44 inspiration-archibald systemd[1]: Started Flush Journal to Persistent Storage.
Jan 05 17:29:44 inspiration-archibald systemd[1]: Created slice system-systemd\x2dbacklight.slice.
Jan 05 17:29:44 inspiration-archibald systemd[1]: Starting Load/Save Screen Backlight Brightness of backlight:intel_backlight...
Jan 05 17:29:44 inspiration-archibald kernel: shpchp: Standard Hot Plug PCI Controller Driver version: 0.4
Jan 05 17:29:44 inspiration-archibald kernel: intel-lpss 0000:00:15.0: enabling device (0000 -> 0002)
Jan 05 17:29:44 inspiration-archibald systemd[1]: Started Load/Save Screen Backlight Brightness of backlight:intel_backlight.
Jan 05 17:29:44 inspiration-archibald mtp-probe[511]: checking bus 1, device 4: "/sys/devices/pci0000:00/0000:00:14.0/usb1/1-6"
Jan 05 17:29:44 inspiration-archibald mtp-probe[510]: checking bus 1, device 3: "/sys/devices/pci0000:00/0000:00:14.0/usb1/1-5"
Jan 05 17:29:44 inspiration-archibald mtp-probe[511]: bus: 1, device: 4 was not an MTP device
Jan 05 17:29:44 inspiration-archibald mtp-probe[508]: checking bus 1, device 2: "/sys/devices/pci0000:00/0000:00:14.0/usb1/1-3"
Jan 05 17:29:44 inspiration-archibald mtp-probe[510]: bus: 1, device: 3 was not an MTP device
Jan 05 17:29:44 inspiration-archibald mtp-probe[508]: bus: 1, device: 2 was not an MTP device
Jan 05 17:29:44 inspiration-archibald kernel: idma64 idma64.0: Found Intel integrated DMA 64-bit
Jan 05 17:29:44 inspiration-archibald kernel: i2c_hid i2c-ELAN0650:01: i2c-ELAN0650:01 supply vdd not found, using dummy regulator
Jan 05 17:29:44 inspiration-archibald kernel: intel-lpss 0000:00:15.1: enabling device (0000 -> 0002)
Jan 05 17:29:44 inspiration-archibald kernel: idma64 idma64.1: Found Intel integrated DMA 64-bit
Jan 05 17:29:44 inspiration-archibald kernel: media: Linux media interface: v0.10
Jan 05 17:29:44 inspiration-archibald kernel: ipmi message handler version 39.2
Jan 05 17:29:44 inspiration-archibald kernel: Linux video capture interface: v2.00
Jan 05 17:29:44 inspiration-archibald kernel: i2c_hid i2c-WCOM50E8:00: i2c-WCOM50E8:00 supply vdd not found, using dummy regulator
Jan 05 17:29:44 inspiration-archibald kernel: cfg80211: Loading compiled-in X.509 certificates for regulatory database
Jan 05 17:29:44 inspiration-archibald kernel: ipmi device interface
Jan 05 17:29:44 inspiration-archibald kernel: Bluetooth: Core ver 2.22
Jan 05 17:29:44 inspiration-archibald kernel: NET: Registered protocol family 31
Jan 05 17:29:44 inspiration-archibald kernel: Bluetooth: HCI device and connection manager initialized
Jan 05 17:29:44 inspiration-archibald kernel: Bluetooth: HCI socket layer initialized
Jan 05 17:29:44 inspiration-archibald kernel: Bluetooth: L2CAP socket layer initialized
Jan 05 17:29:44 inspiration-archibald kernel: Bluetooth: SCO socket layer initialized
Jan 05 17:29:44 inspiration-archibald kernel: cfg80211: Loaded X.509 cert 'sforshee: 00b28ddf47aef9cea7'
Jan 05 17:29:44 inspiration-archibald kernel: uvcvideo: Found UVC 1.00 device EasyCamera (04f2:b5d9)
Jan 05 17:29:44 inspiration-archibald kernel: usbcore: registered new interface driver btusb
Jan 05 17:29:44 inspiration-archibald kernel: Bluetooth: hci0: using rampatch file: qca/rampatch_usb_00000302.bin
Jan 05 17:29:44 inspiration-archibald kernel: Bluetooth: hci0: QCA: patch rome 0x302 build 0x3e8, firmware rome 0x302 build 0x111
Jan 05 17:29:44 inspiration-archibald kernel: uvcvideo 1-5:1.0: Entity type for entity Extension 4 was not initialized!
Jan 05 17:29:44 inspiration-archibald kernel: uvcvideo 1-5:1.0: Entity type for entity Processing 2 was not initialized!
Jan 05 17:29:44 inspiration-archibald kernel: uvcvideo 1-5:1.0: Entity type for entity Camera 1 was not initialized!
Jan 05 17:29:44 inspiration-archibald kernel: input: EasyCamera: EasyCamera as /devices/pci0000:00/0000:00:14.0/usb1/1-5/1-5:1.0/input/input8
Jan 05 17:29:44 inspiration-archibald kernel: usbcore: registered new interface driver uvcvideo
Jan 05 17:29:44 inspiration-archibald kernel: USB Video Class driver (1.1.1)
Jan 05 17:29:44 inspiration-archibald kernel: RAPL PMU: API unit is 2^-32 Joules, 5 fixed counters, 655360 ms ovfl timer
Jan 05 17:29:44 inspiration-archibald kernel: RAPL PMU: hw unit of domain pp0-core 2^-14 Joules
Jan 05 17:29:44 inspiration-archibald kernel: RAPL PMU: hw unit of domain package 2^-14 Joules
Jan 05 17:29:44 inspiration-archibald kernel: RAPL PMU: hw unit of domain dram 2^-14 Joules
Jan 05 17:29:44 inspiration-archibald kernel: RAPL PMU: hw unit of domain pp1-gpu 2^-14 Joules
Jan 05 17:29:44 inspiration-archibald kernel: RAPL PMU: hw unit of domain psys 2^-14 Joules
Jan 05 17:29:44 inspiration-archibald kernel: mei_me 0000:00:16.0: enabling device (0000 -> 0002)
Jan 05 17:29:44 inspiration-archibald kernel: intel-lpss 0000:00:15.2: enabling device (0000 -> 0002)
Jan 05 17:29:44 inspiration-archibald kernel: idma64 idma64.2: Found Intel integrated DMA 64-bit
Jan 05 17:29:44 inspiration-archibald kernel: i2c_hid i2c-NPCE0388:00: i2c-NPCE0388:00 supply vdd not found, using dummy regulator
Jan 05 17:29:44 inspiration-archibald kernel: Bluetooth: hci0: using NVM file: qca/nvm_usb_00000302.bin
Jan 05 17:29:44 inspiration-archibald kernel: AVX2 version of gcm_enc/dec engaged.
Jan 05 17:29:44 inspiration-archibald kernel: AES CTR mode by8 optimization enabled
Jan 05 17:29:44 inspiration-archibald kernel: nvidia: loading out-of-tree module taints kernel.
Jan 05 17:29:44 inspiration-archibald kernel: nvidia: module license 'NVIDIA' taints kernel.
Jan 05 17:29:44 inspiration-archibald kernel: Disabling lock debugging due to kernel taint
Jan 05 17:29:44 inspiration-archibald kernel: ath10k_pci 0000:03:00.0: pci irq msi oper_irq_mode 2 irq_mode 0 reset_mode 0
Jan 05 17:29:44 inspiration-archibald kernel: nvidia: module verification failed: signature and/or required key missing - tainting kernel
Jan 05 17:29:45 inspiration-archibald kernel: nvidia-nvlink: Nvlink Core is being initialized, major device number 238
Jan 05 17:29:45 inspiration-archibald kernel: nvidia 0000:01:00.0: enabling device (0506 -> 0507)
Jan 05 17:29:45 inspiration-archibald kernel: NVRM: loading NVIDIA UNIX x86_64 Kernel Module  390.116  Sun Jan 27 07:21:36 PST 2019 (using threaded interrupts)
Jan 05 17:29:45 inspiration-archibald kernel: nvidia-modeset: Loading NVIDIA Kernel Mode Setting Driver for UNIX platforms  390.116  Sun Jan 27 06:30:32 PST 2019
Jan 05 17:29:45 inspiration-archibald kernel: snd_hda_intel 0000:00:1f.3: bound 0000:00:02.0 (ops i915_audio_component_bind_ops [i915])
Jan 05 17:29:45 inspiration-archibald systemd-udevd[468]: link_config: autonegotiation is unset or enabled, the speed and duplex are not writable.
Jan 05 17:29:45 inspiration-archibald systemd[1]: Listening on Load/Save RF Kill Switch Status /dev/rfkill Watch.
Jan 05 17:29:45 inspiration-archibald systemd[1]: Starting Load/Save RF Kill Switch Status...
Jan 05 17:29:45 inspiration-archibald kernel: [drm] [nvidia-drm] [GPU ID 0x00000100] Loading driver
Jan 05 17:29:45 inspiration-archibald kernel: snd_hda_codec_realtek hdaudioC0D0: autoconfig for ALC236: line_outs=1 (0x14/0x0/0x0/0x0/0x0) type:speaker
Jan 05 17:29:45 inspiration-archibald kernel: snd_hda_codec_realtek hdaudioC0D0:    speaker_outs=0 (0x0/0x0/0x0/0x0/0x0)
Jan 05 17:29:45 inspiration-archibald kernel: snd_hda_codec_realtek hdaudioC0D0:    hp_outs=1 (0x21/0x0/0x0/0x0/0x0)
Jan 05 17:29:45 inspiration-archibald kernel: snd_hda_codec_realtek hdaudioC0D0:    mono: mono_out=0x0
Jan 05 17:29:45 inspiration-archibald kernel: snd_hda_codec_realtek hdaudioC0D0:    inputs:
Jan 05 17:29:45 inspiration-archibald kernel: snd_hda_codec_realtek hdaudioC0D0:      Mic=0x19
Jan 05 17:29:45 inspiration-archibald kernel: snd_hda_codec_realtek hdaudioC0D0:      Internal Mic=0x12
Jan 05 17:29:45 inspiration-archibald systemd[1]: Created slice system-lvm2\x2dpvscan.slice.
Jan 05 17:29:45 inspiration-archibald systemd[1]: Starting LVM2 PV scan on device 259:2...
Jan 05 17:29:45 inspiration-archibald kernel: ACPI Warning: \_SB.PCI0.RP01.PXSX._DSM: Argument #4 type mismatch - Found [Buffer], ACPI requires [Package] (20170831/nsarguments-100)
Jan 05 17:29:45 inspiration-archibald systemd[1]: Found device HFS512GD9TNG-62A0A EFI\x20System\x20Partition.
Jan 05 17:29:45 inspiration-archibald systemd[1]: Starting File System Check on /dev/disk/by-uuid/252B-2181...
Jan 05 17:29:45 inspiration-archibald systemd[1]: Started File System Check Daemon to report status.
Jan 05 17:29:45 inspiration-archibald kernel: hid-multitouch 0018:04F3:304B.0002: Ignoring the extra HID_DG_INPUTMODE
Jan 05 17:29:45 inspiration-archibald kernel: input: ELAN0650:01 04F3:304B Touchpad as /devices/pci0000:00/0000:00:15.0/i2c_designware.0/i2c-4/i2c-ELAN0650:01/0018:04F3:304B.0002/input/input13
Jan 05 17:29:45 inspiration-archibald kernel: hid-multitouch 0018:04F3:304B.0002: input,hidraw1: I2C HID v1.00 Mouse [ELAN0650:01 04F3:304B] on i2c-ELAN0650:01
Jan 05 17:29:45 inspiration-archibald systemd[1]: Starting Show Plymouth Boot Screen...
Jan 05 17:29:45 inspiration-archibald kernel: intel_rapl: Found RAPL domain package
Jan 05 17:29:45 inspiration-archibald kernel: intel_rapl: Found RAPL domain core
Jan 05 17:29:45 inspiration-archibald kernel: intel_rapl: Found RAPL domain uncore
Jan 05 17:29:45 inspiration-archibald kernel: intel_rapl: Found RAPL domain dram
Jan 05 17:29:45 inspiration-archibald kernel: input: HDA Intel PCH Mic as /devices/pci0000:00/0000:00:1f.3/sound/card0/input9
Jan 05 17:29:45 inspiration-archibald kernel: input: HDA Intel PCH Headphone as /devices/pci0000:00/0000:00:1f.3/sound/card0/input10
Jan 05 17:29:45 inspiration-archibald kernel: input: HDA Intel PCH HDMI/DP,pcm=3 as /devices/pci0000:00/0000:00:1f.3/sound/card0/input14
Jan 05 17:29:45 inspiration-archibald kernel: input: HDA Intel PCH HDMI/DP,pcm=7 as /devices/pci0000:00/0000:00:1f.3/sound/card0/input15
Jan 05 17:29:45 inspiration-archibald kernel: input: HDA Intel PCH HDMI/DP,pcm=8 as /devices/pci0000:00/0000:00:1f.3/sound/card0/input16
Jan 05 17:29:45 inspiration-archibald kernel: input: HDA Intel PCH HDMI/DP,pcm=9 as /devices/pci0000:00/0000:00:1f.3/sound/card0/input17
Jan 05 17:29:45 inspiration-archibald kernel: input: HDA Intel PCH HDMI/DP,pcm=10 as /devices/pci0000:00/0000:00:1f.3/sound/card0/input18
Jan 05 17:29:45 inspiration-archibald systemd[1]: Started Load/Save RF Kill Switch Status.
Jan 05 17:29:45 inspiration-archibald systemd[1]: Started Show Plymouth Boot Screen.
Jan 05 17:29:45 inspiration-archibald systemd-fsck[667]: fsck.fat 4.1 (2017-01-24)
Jan 05 17:29:45 inspiration-archibald systemd-fsck[667]: /dev/nvme0n1p1: 7 files, 552/130812 clusters
Jan 05 17:29:45 inspiration-archibald systemd[1]: Started File System Check on /dev/disk/by-uuid/252B-2181.
Jan 05 17:29:45 inspiration-archibald systemd[1]: Starting Show Plymouth Boot Screen...
Jan 05 17:29:45 inspiration-archibald systemd[1]: Mounting /boot/efi...
Jan 05 17:29:45 inspiration-archibald systemd[1]: Started Show Plymouth Boot Screen.
Jan 05 17:29:45 inspiration-archibald systemd[1]: Reached target Sound Card.
Jan 05 17:29:45 inspiration-archibald systemd[1]: Mounted /boot/efi.
Jan 05 17:29:45 inspiration-archibald systemd[1]: Reached target Local File Systems.
Jan 05 17:29:45 inspiration-archibald systemd[1]: Starting Set console font and keymap...
Jan 05 17:29:45 inspiration-archibald systemd[1]: Starting Create Volatile Files and Directories...
Jan 05 17:29:45 inspiration-archibald systemd[1]: Starting Tell Plymouth To Write Out Runtime Data...
Jan 05 17:29:45 inspiration-archibald systemd[1]: Starting AppArmor initialization...
Jan 05 17:29:45 inspiration-archibald systemd[1]: Started Set console font and keymap.
Jan 05 17:29:45 inspiration-archibald systemd[1]: Started Tell Plymouth To Write Out Runtime Data.
Jan 05 17:29:45 inspiration-archibald lvm[657]:   2 logical volume(s) in volume group "elementary-vg" now active
Jan 05 17:29:45 inspiration-archibald systemd[1]: Started Create Volatile Files and Directories.
Jan 05 17:29:45 inspiration-archibald systemd[1]: Found device /dev/mapper/elementary--vg-swap_1.
Jan 05 17:29:45 inspiration-archibald systemd[1]: Started LVM2 PV scan on device 259:2.
Jan 05 17:29:45 inspiration-archibald systemd[1]: Activating swap /dev/mapper/elementary--vg-swap_1...
Jan 05 17:29:45 inspiration-archibald apparmor[743]:  * Starting AppArmor profiles
Jan 05 17:29:45 inspiration-archibald systemd[1]: Starting Network Time Synchronization...
Jan 05 17:29:45 inspiration-archibald systemd[1]: Starting Network Name Resolution...
Jan 05 17:29:45 inspiration-archibald systemd[1]: Starting Update UTMP about System Boot/Shutdown...
Jan 05 17:29:45 inspiration-archibald systemd[1]: Activated swap /dev/mapper/elementary--vg-swap_1.
Jan 05 17:29:45 inspiration-archibald systemd[1]: Starting Show Plymouth Boot Screen...
Jan 05 17:29:45 inspiration-archibald systemd[1]: Starting Tell Plymouth To Write Out Runtime Data...
Jan 05 17:29:45 inspiration-archibald systemd[1]: Reached target Swap.
Jan 05 17:29:45 inspiration-archibald systemd[1]: Started Update UTMP about System Boot/Shutdown.
Jan 05 17:29:45 inspiration-archibald kernel: input: Wacom HID 50E8 Pen as /devices/pci0000:00/0000:00:15.1/i2c_designware.1/i2c-5/i2c-WCOM50E8:00/0018:056A:50E8.0003/input/input19
Jan 05 17:29:45 inspiration-archibald kernel: input: Wacom HID 50E8 Finger as /devices/pci0000:00/0000:00:15.1/i2c_designware.1/i2c-5/i2c-WCOM50E8:00/0018:056A:50E8.0003/input/input20
Jan 05 17:29:45 inspiration-archibald kernel: wacom 0018:056A:50E8.0003: hidraw2: I2C HID v1.00 Mouse [WCOM50E8:00 056A:50E8] on i2c-WCOM50E8:00
Jan 05 17:29:45 inspiration-archibald kernel: Adding 1003516k swap on /dev/mapper/elementary--vg-swap_1.  Priority:-2 extents:1 across:1003516k SSFS
Jan 05 17:29:45 inspiration-archibald systemd[1]: Started Tell Plymouth To Write Out Runtime Data.
Jan 05 17:29:45 inspiration-archibald systemd[1]: Started Show Plymouth Boot Screen.
Jan 05 17:29:45 inspiration-archibald kernel: ath10k_pci 0000:03:00.0: Direct firmware load for ath10k/pre-cal-pci-0000:03:00.0.bin failed with error -2
Jan 05 17:29:45 inspiration-archibald kernel: ath10k_pci 0000:03:00.0: Direct firmware load for ath10k/cal-pci-0000:03:00.0.bin failed with error -2
Jan 05 17:29:45 inspiration-archibald kernel: ath10k_pci 0000:03:00.0: qca6174 hw3.2 target 0x05030000 chip_id 0x00340aff sub 17aa:0827
Jan 05 17:29:45 inspiration-archibald kernel: ath10k_pci 0000:03:00.0: kconfig debug 0 debugfs 1 tracing 1 dfs 0 testmode 0
Jan 05 17:29:45 inspiration-archibald kernel: ath10k_pci 0000:03:00.0: firmware ver WLAN.RM.4.4.1-00079-QCARMSWPZ-1 api 6 features wowlan,ignore-otp crc32 fd869beb
Jan 05 17:29:45 inspiration-archibald audit[820]: AVC apparmor="STATUS" operation="profile_load" profile="unconfined" name="libreoffice-xpdfimport" pid=820 comm="apparmor_parser"
Jan 05 17:29:45 inspiration-archibald audit[817]: AVC apparmor="STATUS" operation="profile_load" profile="unconfined" name="libreoffice-oopslash" pid=817 comm="apparmor_parser"
Jan 05 17:29:45 inspiration-archibald audit[816]: AVC apparmor="STATUS" operation="profile_load" profile="unconfined" name="/usr/bin/man" pid=816 comm="apparmor_parser"
Jan 05 17:29:45 inspiration-archibald audit[816]: AVC apparmor="STATUS" operation="profile_load" profile="unconfined" name="man_filter" pid=816 comm="apparmor_parser"
Jan 05 17:29:45 inspiration-archibald audit[816]: AVC apparmor="STATUS" operation="profile_load" profile="unconfined" name="man_groff" pid=816 comm="apparmor_parser"
Jan 05 17:29:45 inspiration-archibald audit[818]: AVC apparmor="STATUS" operation="profile_load" profile="unconfined" name="libreoffice-senddoc" pid=818 comm="apparmor_parser"
Jan 05 17:29:45 inspiration-archibald kernel: audit: type=1400 audit(1578241785.265:2): apparmor="STATUS" operation="profile_load" profile="unconfined" name="libreoffice-xpdfimport" pid=820 comm="apparmor_parser"
Jan 05 17:29:45 inspiration-archibald kernel: audit: type=1400 audit(1578241785.265:3): apparmor="STATUS" operation="profile_load" profile="unconfined" name="libreoffice-oopslash" pid=817 comm="apparmor_parser"
Jan 05 17:29:45 inspiration-archibald kernel: audit: type=1400 audit(1578241785.265:4): apparmor="STATUS" operation="profile_load" profile="unconfined" name="/usr/bin/man" pid=816 comm="apparmor_parser"
Jan 05 17:29:45 inspiration-archibald kernel: audit: type=1400 audit(1578241785.265:5): apparmor="STATUS" operation="profile_load" profile="unconfined" name="man_filter" pid=816 comm="apparmor_parser"
Jan 05 17:29:45 inspiration-archibald kernel: audit: type=1400 audit(1578241785.265:6): apparmor="STATUS" operation="profile_load" profile="unconfined" name="man_groff" pid=816 comm="apparmor_parser"
Jan 05 17:29:45 inspiration-archibald kernel: audit: type=1400 audit(1578241785.265:7): apparmor="STATUS" operation="profile_load" profile="unconfined" name="libreoffice-senddoc" pid=818 comm="apparmor_parser"
Jan 05 17:29:45 inspiration-archibald audit[827]: AVC apparmor="STATUS" operation="profile_load" profile="unconfined" name="/usr/sbin/ippusbxd" pid=827 comm="apparmor_parser"
Jan 05 17:29:45 inspiration-archibald audit[825]: AVC apparmor="STATUS" operation="profile_load" profile="unconfined" name="/usr/sbin/cups-browsed" pid=825 comm="apparmor_parser"
Jan 05 17:29:45 inspiration-archibald apparmor[743]: Skipping profile in /etc/apparmor.d/disable: usr.sbin.rsyslogd
Jan 05 17:29:45 inspiration-archibald audit[814]: AVC apparmor="STATUS" operation="profile_load" profile="unconfined" name="/sbin/dhclient" pid=814 comm="apparmor_parser"
